[2026-09-23T00:05:47.311+0000] {processor.py:186} INFO - Started process (PID=397) to work on /opt/airflow/dags/dss150p_pipeline.py
[2026-09-23T00:05:47.362+0000] {processor.py:914} INFO - Processing file /opt/airflow/dags/dss150p_pipeline.py for tasks to queue
[2026-09-23T00:05:47.484+0000] {logging_mixin.py:190} INFO - [2026-09-23T00:05:47.473+0000] {dagbag.py:588} INFO - Filling up the DagBag from /opt/airflow/dags/dss150p_pipeline.py
[2026-09-23T00:05:47.972+0000] {processor.py:925} INFO - DAG(s) 'dss150p_sales_pipeline' retrieved from /opt/airflow/dags/dss150p_pipeline.py
[2026-09-23T00:05:48.516+0000] {logging_mixin.py:190} INFO - [2026-09-23T00:05:48.515+0000] {dag.py:3239} INFO - Sync 1 DAGs
[2026-09-23T00:05:48.837+0000] {logging_mixin.py:190} INFO - [2026-09-23T00:05:48.836+0000] {dag.py:4180} INFO - Setting next_dagrun for dss150p_sales_pipeline to 2026-09-21 02:00:00+00:00, run_after=2026-09-22 02:00:00+00:00
[2026-09-23T00:05:49.555+0000] {processor.py:208} INFO - Processing /opt/airflow/dags/dss150p_pipeline.py took 3.604 seconds
[2026-09-23T00:06:20.008+0000] {processor.py:186} INFO - Started process (PID=402) to work on /opt/airflow/dags/dss150p_pipeline.py
[2026-09-23T00:06:20.024+0000] {processor.py:914} INFO - Processing file /opt/airflow/dags/dss150p_pipeline.py for tasks to queue
[2026-09-23T00:06:20.072+0000] {logging_mixin.py:190} INFO - [2026-09-23T00:06:20.068+0000] {dagbag.py:588} INFO - Filling up the DagBag from /opt/airflow/dags/dss150p_pipeline.py
[2026-09-23T00:06:20.277+0000] {processor.py:925} INFO - DAG(s) 'dss150p_sales_pipeline' retrieved from /opt/airflow/dags/dss150p_pipeline.py
[2026-09-23T00:06:20.495+0000] {logging_mixin.py:190} INFO - [2026-09-23T00:06:20.494+0000] {dag.py:3239} INFO - Sync 1 DAGs
[2026-09-23T00:06:20.588+0000] {logging_mixin.py:190} INFO - [2026-09-23T00:06:20.588+0000] {dag.py:4180} INFO - Setting next_dagrun for dss150p_sales_pipeline to 2026-09-21 02:00:00+00:00, run_after=2026-09-22 02:00:00+00:00
[2026-09-23T00:06:20.663+0000] {processor.py:208} INFO - Processing /opt/airflow/dags/dss150p_pipeline.py took 0.741 seconds
[2026-09-23T00:06:51.557+0000] {processor.py:186} INFO - Started process (PID=407) to work on /opt/airflow/dags/dss150p_pipeline.py
[2026-09-23T00:06:51.560+0000] {processor.py:914} INFO - Processing file /opt/airflow/dags/dss150p_pipeline.py for tasks to queue
[2026-09-23T00:06:51.575+0000] {logging_mixin.py:190} INFO - [2026-09-23T00:06:51.573+0000] {dagbag.py:588} INFO - Filling up the DagBag from /opt/airflow/dags/dss150p_pipeline.py
[2026-09-23T00:06:51.730+0000] {processor.py:925} INFO - DAG(s) 'dss150p_sales_pipeline' retrieved from /opt/airflow/dags/dss150p_pipeline.py
[2026-09-23T00:06:51.932+0000] {logging_mixin.py:190} INFO - [2026-09-23T00:06:51.932+0000] {dag.py:3239} INFO - Sync 1 DAGs
[2026-09-23T00:06:52.069+0000] {logging_mixin.py:190} INFO - [2026-09-23T00:06:52.068+0000] {dag.py:4180} INFO - Setting next_dagrun for dss150p_sales_pipeline to 2026-09-21 02:00:00+00:00, run_after=2026-09-22 02:00:00+00:00
[2026-09-23T00:06:52.140+0000] {processor.py:208} INFO - Processing /opt/airflow/dags/dss150p_pipeline.py took 0.637 seconds
[2026-09-23T00:07:22.641+0000] {processor.py:186} INFO - Started process (PID=412) to work on /opt/airflow/dags/dss150p_pipeline.py
[2026-09-23T00:07:22.651+0000] {processor.py:914} INFO - Processing file /opt/airflow/dags/dss150p_pipeline.py for tasks to queue
[2026-09-23T00:07:22.666+0000] {logging_mixin.py:190} INFO - [2026-09-23T00:07:22.663+0000] {dagbag.py:588} INFO - Filling up the DagBag from /opt/airflow/dags/dss150p_pipeline.py
[2026-09-23T00:07:22.881+0000] {processor.py:925} INFO - DAG(s) 'dss150p_sales_pipeline' retrieved from /opt/airflow/dags/dss150p_pipeline.py
[2026-09-23T00:07:23.086+0000] {logging_mixin.py:190} INFO - [2026-09-23T00:07:23.086+0000] {dag.py:3239} INFO - Sync 1 DAGs
[2026-09-23T00:07:23.142+0000] {logging_mixin.py:190} INFO - [2026-09-23T00:07:23.141+0000] {dag.py:4180} INFO - Setting next_dagrun for dss150p_sales_pipeline to 2026-09-21 02:00:00+00:00, run_after=2026-09-22 02:00:00+00:00
[2026-09-23T00:07:23.230+0000] {processor.py:208} INFO - Processing /opt/airflow/dags/dss150p_pipeline.py took 0.600 seconds
[2026-09-23T00:07:53.791+0000] {processor.py:186} INFO - Started process (PID=417) to work on /opt/airflow/dags/dss150p_pipeline.py
[2026-09-23T00:07:53.793+0000] {processor.py:914} INFO - Processing file /opt/airflow/dags/dss150p_pipeline.py for tasks to queue
[2026-09-23T00:07:53.800+0000] {logging_mixin.py:190} INFO - [2026-09-23T00:07:53.799+0000] {dagbag.py:588} INFO - Filling up the DagBag from /opt/airflow/dags/dss150p_pipeline.py
[2026-09-23T00:07:53.838+0000] {processor.py:925} INFO - DAG(s) 'dss150p_sales_pipeline' retrieved from /opt/airflow/dags/dss150p_pipeline.py
[2026-09-23T00:07:53.956+0000] {logging_mixin.py:190} INFO - [2026-09-23T00:07:53.955+0000] {dag.py:3239} INFO - Sync 1 DAGs
[2026-09-23T00:07:54.034+0000] {logging_mixin.py:190} INFO - [2026-09-23T00:07:54.033+0000] {dag.py:4180} INFO - Setting next_dagrun for dss150p_sales_pipeline to 2026-09-21 02:00:00+00:00, run_after=2026-09-22 02:00:00+00:00
[2026-09-23T00:07:54.079+0000] {processor.py:208} INFO - Processing /opt/airflow/dags/dss150p_pipeline.py took 0.301 seconds
[2026-09-23T00:08:24.367+0000] {processor.py:186} INFO - Started process (PID=422) to work on /opt/airflow/dags/dss150p_pipeline.py
[2026-09-23T00:08:24.370+0000] {processor.py:914} INFO - Processing file /opt/airflow/dags/dss150p_pipeline.py for tasks to queue
[2026-09-23T00:08:24.375+0000] {logging_mixin.py:190} INFO - [2026-09-23T00:08:24.374+0000] {dagbag.py:588} INFO - Filling up the DagBag from /opt/airflow/dags/dss150p_pipeline.py
[2026-09-23T00:08:24.673+0000] {processor.py:925} INFO - DAG(s) 'dss150p_sales_pipeline' retrieved from /opt/airflow/dags/dss150p_pipeline.py
[2026-09-23T00:08:24.891+0000] {logging_mixin.py:190} INFO - [2026-09-23T00:08:24.890+0000] {dag.py:3239} INFO - Sync 1 DAGs
[2026-09-23T00:08:24.978+0000] {logging_mixin.py:190} INFO - [2026-09-23T00:08:24.978+0000] {dag.py:4180} INFO - Setting next_dagrun for dss150p_sales_pipeline to 2026-09-21 02:00:00+00:00, run_after=2026-09-22 02:00:00+00:00
[2026-09-23T00:08:25.027+0000] {processor.py:208} INFO - Processing /opt/airflow/dags/dss150p_pipeline.py took 0.672 seconds
[2026-09-23T00:08:55.195+0000] {processor.py:186} INFO - Started process (PID=427) to work on /opt/airflow/dags/dss150p_pipeline.py
[2026-09-23T00:08:55.199+0000] {processor.py:914} INFO - Processing file /opt/airflow/dags/dss150p_pipeline.py for tasks to queue
[2026-09-23T00:08:55.207+0000] {logging_mixin.py:190} INFO - [2026-09-23T00:08:55.206+0000] {dagbag.py:588} INFO - Filling up the DagBag from /opt/airflow/dags/dss150p_pipeline.py
[2026-09-23T00:08:55.335+0000] {processor.py:925} INFO - DAG(s) 'dss150p_sales_pipeline' retrieved from /opt/airflow/dags/dss150p_pipeline.py
[2026-09-23T00:08:55.569+0000] {logging_mixin.py:190} INFO - [2026-09-23T00:08:55.568+0000] {dag.py:3239} INFO - Sync 1 DAGs
[2026-09-23T00:08:55.677+0000] {logging_mixin.py:190} INFO - [2026-09-23T00:08:55.676+0000] {dag.py:4180} INFO - Setting next_dagrun for dss150p_sales_pipeline to 2026-09-21 02:00:00+00:00, run_after=2026-09-22 02:00:00+00:00
[2026-09-23T00:08:55.726+0000] {processor.py:208} INFO - Processing /opt/airflow/dags/dss150p_pipeline.py took 0.552 seconds
[2026-09-23T00:09:26.025+0000] {processor.py:186} INFO - Started process (PID=432) to work on /opt/airflow/dags/dss150p_pipeline.py
[2026-09-23T00:09:26.029+0000] {processor.py:914} INFO - Processing file /opt/airflow/dags/dss150p_pipeline.py for tasks to queue
[2026-09-23T00:09:26.038+0000] {logging_mixin.py:190} INFO - [2026-09-23T00:09:26.037+0000] {dagbag.py:588} INFO - Filling up the DagBag from /opt/airflow/dags/dss150p_pipeline.py
[2026-09-23T00:09:26.100+0000] {processor.py:925} INFO - DAG(s) 'dss150p_sales_pipeline' retrieved from /opt/airflow/dags/dss150p_pipeline.py
[2026-09-23T00:09:26.437+0000] {logging_mixin.py:190} INFO - [2026-09-23T00:09:26.435+0000] {dag.py:3239} INFO - Sync 1 DAGs
[2026-09-23T00:09:26.678+0000] {logging_mixin.py:190} INFO - [2026-09-23T00:09:26.677+0000] {dag.py:4180} INFO - Setting next_dagrun for dss150p_sales_pipeline to 2026-09-21 02:00:00+00:00, run_after=2026-09-22 02:00:00+00:00
[2026-09-23T00:09:26.765+0000] {processor.py:208} INFO - Processing /opt/airflow/dags/dss150p_pipeline.py took 0.769 seconds
[2026-09-23T00:09:57.273+0000] {processor.py:186} INFO - Started process (PID=437) to work on /opt/airflow/dags/dss150p_pipeline.py
[2026-09-23T00:09:57.277+0000] {processor.py:914} INFO - Processing file /opt/airflow/dags/dss150p_pipeline.py for tasks to queue
[2026-09-23T00:09:57.290+0000] {logging_mixin.py:190} INFO - [2026-09-23T00:09:57.288+0000] {dagbag.py:588} INFO - Filling up the DagBag from /opt/airflow/dags/dss150p_pipeline.py
[2026-09-23T00:09:57.449+0000] {processor.py:925} INFO - DAG(s) 'dss150p_sales_pipeline' retrieved from /opt/airflow/dags/dss150p_pipeline.py
[2026-09-23T00:09:57.655+0000] {logging_mixin.py:190} INFO - [2026-09-23T00:09:57.655+0000] {dag.py:3239} INFO - Sync 1 DAGs
[2026-09-23T00:09:57.741+0000] {logging_mixin.py:190} INFO - [2026-09-23T00:09:57.741+0000] {dag.py:4180} INFO - Setting next_dagrun for dss150p_sales_pipeline to 2026-09-21 02:00:00+00:00, run_after=2026-09-22 02:00:00+00:00
[2026-09-23T00:09:57.820+0000] {processor.py:208} INFO - Processing /opt/airflow/dags/dss150p_pipeline.py took 0.575 seconds
[2026-09-23T00:10:28.505+0000] {processor.py:186} INFO - Started process (PID=442) to work on /opt/airflow/dags/dss150p_pipeline.py
[2026-09-23T00:10:28.510+0000] {processor.py:914} INFO - Processing file /opt/airflow/dags/dss150p_pipeline.py for tasks to queue
[2026-09-23T00:10:28.518+0000] {logging_mixin.py:190} INFO - [2026-09-23T00:10:28.517+0000] {dagbag.py:588} INFO - Filling up the DagBag from /opt/airflow/dags/dss150p_pipeline.py
[2026-09-23T00:10:28.565+0000] {processor.py:925} INFO - DAG(s) 'dss150p_sales_pipeline' retrieved from /opt/airflow/dags/dss150p_pipeline.py
[2026-09-23T00:10:28.685+0000] {logging_mixin.py:190} INFO - [2026-09-23T00:10:28.685+0000] {dag.py:3239} INFO - Sync 1 DAGs
[2026-09-23T00:10:28.764+0000] {logging_mixin.py:190} INFO - [2026-09-23T00:10:28.764+0000] {dag.py:4180} INFO - Setting next_dagrun for dss150p_sales_pipeline to 2026-09-21 02:00:00+00:00, run_after=2026-09-22 02:00:00+00:00
[2026-09-23T00:10:28.908+0000] {processor.py:208} INFO - Processing /opt/airflow/dags/dss150p_pipeline.py took 0.485 seconds
[2026-09-23T00:10:59.896+0000] {processor.py:186} INFO - Started process (PID=447) to work on /opt/airflow/dags/dss150p_pipeline.py
[2026-09-23T00:10:59.903+0000] {processor.py:914} INFO - Processing file /opt/airflow/dags/dss150p_pipeline.py for tasks to queue
[2026-09-23T00:10:59.933+0000] {logging_mixin.py:190} INFO - [2026-09-23T00:10:59.928+0000] {dagbag.py:588} INFO - Filling up the DagBag from /opt/airflow/dags/dss150p_pipeline.py
[2026-09-23T00:11:00.110+0000] {processor.py:925} INFO - DAG(s) 'dss150p_sales_pipeline' retrieved from /opt/airflow/dags/dss150p_pipeline.py
[2026-09-23T00:11:00.246+0000] {logging_mixin.py:190} INFO - [2026-09-23T00:11:00.245+0000] {dag.py:3239} INFO - Sync 1 DAGs
[2026-09-23T00:11:00.327+0000] {logging_mixin.py:190} INFO - [2026-09-23T00:11:00.327+0000] {dag.py:4180} INFO - Setting next_dagrun for dss150p_sales_pipeline to 2026-09-21 02:00:00+00:00, run_after=2026-09-22 02:00:00+00:00
[2026-09-23T00:11:00.385+0000] {processor.py:208} INFO - Processing /opt/airflow/dags/dss150p_pipeline.py took 0.544 seconds
[2026-09-23T00:11:30.911+0000] {processor.py:186} INFO - Started process (PID=452) to work on /opt/airflow/dags/dss150p_pipeline.py
[2026-09-23T00:11:30.912+0000] {processor.py:914} INFO - Processing file /opt/airflow/dags/dss150p_pipeline.py for tasks to queue
[2026-09-23T00:11:30.923+0000] {logging_mixin.py:190} INFO - [2026-09-23T00:11:30.921+0000] {dagbag.py:588} INFO - Filling up the DagBag from /opt/airflow/dags/dss150p_pipeline.py
[2026-09-23T00:11:30.968+0000] {processor.py:925} INFO - DAG(s) 'dss150p_sales_pipeline' retrieved from /opt/airflow/dags/dss150p_pipeline.py
[2026-09-23T00:11:31.063+0000] {logging_mixin.py:190} INFO - [2026-09-23T00:11:31.063+0000] {dag.py:3239} INFO - Sync 1 DAGs
[2026-09-23T00:11:31.162+0000] {logging_mixin.py:190} INFO - [2026-09-23T00:11:31.162+0000] {dag.py:4180} INFO - Setting next_dagrun for dss150p_sales_pipeline to 2026-09-21 02:00:00+00:00, run_after=2026-09-22 02:00:00+00:00
[2026-09-23T00:11:31.190+0000] {processor.py:208} INFO - Processing /opt/airflow/dags/dss150p_pipeline.py took 0.297 seconds
[2026-09-23T00:12:01.587+0000] {processor.py:186} INFO - Started process (PID=457) to work on /opt/airflow/dags/dss150p_pipeline.py
[2026-09-23T00:12:01.589+0000] {processor.py:914} INFO - Processing file /opt/airflow/dags/dss150p_pipeline.py for tasks to queue
[2026-09-23T00:12:01.592+0000] {logging_mixin.py:190} INFO - [2026-09-23T00:12:01.592+0000] {dagbag.py:588} INFO - Filling up the DagBag from /opt/airflow/dags/dss150p_pipeline.py
[2026-09-23T00:12:01.632+0000] {processor.py:925} INFO - DAG(s) 'dss150p_sales_pipeline' retrieved from /opt/airflow/dags/dss150p_pipeline.py
[2026-09-23T00:12:01.698+0000] {logging_mixin.py:190} INFO - [2026-09-23T00:12:01.697+0000] {dag.py:3239} INFO - Sync 1 DAGs
[2026-09-23T00:12:01.726+0000] {logging_mixin.py:190} INFO - [2026-09-23T00:12:01.726+0000] {dag.py:4180} INFO - Setting next_dagrun for dss150p_sales_pipeline to 2026-09-21 02:00:00+00:00, run_after=2026-09-22 02:00:00+00:00
[2026-09-23T00:12:01.751+0000] {processor.py:208} INFO - Processing /opt/airflow/dags/dss150p_pipeline.py took 0.171 seconds
[2026-09-23T00:12:16.897+0000] {processor.py:186} INFO - Started process (PID=462) to work on /opt/airflow/dags/dss150p_pipeline.py
[2026-09-23T00:12:16.904+0000] {processor.py:914} INFO - Processing file /opt/airflow/dags/dss150p_pipeline.py for tasks to queue
[2026-09-23T00:12:16.920+0000] {logging_mixin.py:190} INFO - [2026-09-23T00:12:16.919+0000] {dagbag.py:588} INFO - Filling up the DagBag from /opt/airflow/dags/dss150p_pipeline.py
[2026-09-23T00:12:17.084+0000] {processor.py:925} INFO - DAG(s) 'dss150p_sales_pipeline' retrieved from /opt/airflow/dags/dss150p_pipeline.py
[2026-09-23T00:12:17.676+0000] {logging_mixin.py:190} INFO - [2026-09-23T00:12:17.676+0000] {dag.py:3239} INFO - Sync 1 DAGs
[2026-09-23T00:12:17.704+0000] {logging_mixin.py:190} INFO - [2026-09-23T00:12:17.704+0000] {dag.py:4180} INFO - Setting next_dagrun for dss150p_sales_pipeline to 2026-09-21 02:00:00+00:00, run_after=2026-09-22 02:00:00+00:00
[2026-09-23T00:12:17.756+0000] {processor.py:208} INFO - Processing /opt/airflow/dags/dss150p_pipeline.py took 0.888 seconds
[2026-09-23T00:12:48.626+0000] {processor.py:186} INFO - Started process (PID=467) to work on /opt/airflow/dags/dss150p_pipeline.py
[2026-09-23T00:12:48.643+0000] {processor.py:914} INFO - Processing file /opt/airflow/dags/dss150p_pipeline.py for tasks to queue
[2026-09-23T00:12:48.683+0000] {logging_mixin.py:190} INFO - [2026-09-23T00:12:48.679+0000] {dagbag.py:588} INFO - Filling up the DagBag from /opt/airflow/dags/dss150p_pipeline.py
[2026-09-23T00:12:48.889+0000] {processor.py:925} INFO - DAG(s) 'dss150p_sales_pipeline' retrieved from /opt/airflow/dags/dss150p_pipeline.py
[2026-09-23T00:12:49.075+0000] {logging_mixin.py:190} INFO - [2026-09-23T00:12:49.075+0000] {dag.py:3239} INFO - Sync 1 DAGs
[2026-09-23T00:12:49.180+0000] {logging_mixin.py:190} INFO - [2026-09-23T00:12:49.179+0000] {dag.py:4180} INFO - Setting next_dagrun for dss150p_sales_pipeline to 2026-09-21 02:00:00+00:00, run_after=2026-09-22 02:00:00+00:00
[2026-09-23T00:12:49.274+0000] {processor.py:208} INFO - Processing /opt/airflow/dags/dss150p_pipeline.py took 0.756 seconds
[2026-09-23T00:13:21.718+0000] {processor.py:186} INFO - Started process (PID=475) to work on /opt/airflow/dags/dss150p_pipeline.py
[2026-09-23T00:13:21.761+0000] {processor.py:914} INFO - Processing file /opt/airflow/dags/dss150p_pipeline.py for tasks to queue
[2026-09-23T00:13:21.874+0000] {logging_mixin.py:190} INFO - [2026-09-23T00:13:21.868+0000] {dagbag.py:588} INFO - Filling up the DagBag from /opt/airflow/dags/dss150p_pipeline.py
[2026-09-23T00:13:22.218+0000] {processor.py:925} INFO - DAG(s) 'dss150p_sales_pipeline' retrieved from /opt/airflow/dags/dss150p_pipeline.py
[2026-09-23T00:13:22.745+0000] {logging_mixin.py:190} INFO - [2026-09-23T00:13:22.744+0000] {dag.py:3239} INFO - Sync 1 DAGs
[2026-09-23T00:13:23.443+0000] {processor.py:208} INFO - Processing /opt/airflow/dags/dss150p_pipeline.py took 2.060 seconds
[2026-09-23T00:13:54.678+0000] {processor.py:186} INFO - Started process (PID=489) to work on /opt/airflow/dags/dss150p_pipeline.py
[2026-09-23T00:13:54.694+0000] {processor.py:914} INFO - Processing file /opt/airflow/dags/dss150p_pipeline.py for tasks to queue
[2026-09-23T00:13:54.762+0000] {logging_mixin.py:190} INFO - [2026-09-23T00:13:54.748+0000] {dagbag.py:588} INFO - Filling up the DagBag from /opt/airflow/dags/dss150p_pipeline.py
[2026-09-23T00:13:55.233+0000] {processor.py:925} INFO - DAG(s) 'dss150p_sales_pipeline' retrieved from /opt/airflow/dags/dss150p_pipeline.py
[2026-09-23T00:13:55.977+0000] {logging_mixin.py:190} INFO - [2026-09-23T00:13:55.973+0000] {dag.py:3239} INFO - Sync 1 DAGs
[2026-09-23T00:13:56.563+0000] {processor.py:208} INFO - Processing /opt/airflow/dags/dss150p_pipeline.py took 2.032 seconds
[2026-09-23T00:14:28.338+0000] {processor.py:186} INFO - Started process (PID=494) to work on /opt/airflow/dags/dss150p_pipeline.py
[2026-09-23T00:14:28.347+0000] {processor.py:914} INFO - Processing file /opt/airflow/dags/dss150p_pipeline.py for tasks to queue
[2026-09-23T00:14:28.406+0000] {logging_mixin.py:190} INFO - [2026-09-23T00:14:28.396+0000] {dagbag.py:588} INFO - Filling up the DagBag from /opt/airflow/dags/dss150p_pipeline.py
[2026-09-23T00:14:28.667+0000] {processor.py:925} INFO - DAG(s) 'dss150p_sales_pipeline' retrieved from /opt/airflow/dags/dss150p_pipeline.py
[2026-09-23T00:14:29.072+0000] {logging_mixin.py:190} INFO - [2026-09-23T00:14:29.071+0000] {dag.py:3239} INFO - Sync 1 DAGs
[2026-09-23T00:14:29.409+0000] {processor.py:208} INFO - Processing /opt/airflow/dags/dss150p_pipeline.py took 1.234 seconds
[2026-09-23T00:14:59.866+0000] {processor.py:186} INFO - Started process (PID=499) to work on /opt/airflow/dags/dss150p_pipeline.py
[2026-09-23T00:14:59.869+0000] {processor.py:914} INFO - Processing file /opt/airflow/dags/dss150p_pipeline.py for tasks to queue
[2026-09-23T00:14:59.875+0000] {logging_mixin.py:190} INFO - [2026-09-23T00:14:59.875+0000] {dagbag.py:588} INFO - Filling up the DagBag from /opt/airflow/dags/dss150p_pipeline.py
[2026-09-23T00:14:59.929+0000] {processor.py:925} INFO - DAG(s) 'dss150p_sales_pipeline' retrieved from /opt/airflow/dags/dss150p_pipeline.py
[2026-09-23T00:15:00.050+0000] {logging_mixin.py:190} INFO - [2026-09-23T00:15:00.049+0000] {dag.py:3239} INFO - Sync 1 DAGs
[2026-09-23T00:15:00.268+0000] {processor.py:208} INFO - Processing /opt/airflow/dags/dss150p_pipeline.py took 0.422 seconds
[2026-09-23T00:15:30.796+0000] {processor.py:186} INFO - Started process (PID=504) to work on /opt/airflow/dags/dss150p_pipeline.py
[2026-09-23T00:15:30.803+0000] {processor.py:914} INFO - Processing file /opt/airflow/dags/dss150p_pipeline.py for tasks to queue
[2026-09-23T00:15:30.823+0000] {logging_mixin.py:190} INFO - [2026-09-23T00:15:30.820+0000] {dagbag.py:588} INFO - Filling up the DagBag from /opt/airflow/dags/dss150p_pipeline.py
[2026-09-23T00:15:30.909+0000] {processor.py:925} INFO - DAG(s) 'dss150p_sales_pipeline' retrieved from /opt/airflow/dags/dss150p_pipeline.py
[2026-09-23T00:15:31.054+0000] {logging_mixin.py:190} INFO - [2026-09-23T00:15:31.053+0000] {dag.py:3239} INFO - Sync 1 DAGs
[2026-09-23T00:15:31.240+0000] {processor.py:208} INFO - Processing /opt/airflow/dags/dss150p_pipeline.py took 0.486 seconds
[2026-09-23T00:16:02.868+0000] {processor.py:186} INFO - Started process (PID=509) to work on /opt/airflow/dags/dss150p_pipeline.py
[2026-09-23T00:16:02.916+0000] {processor.py:914} INFO - Processing file /opt/airflow/dags/dss150p_pipeline.py for tasks to queue
[2026-09-23T00:16:03.011+0000] {logging_mixin.py:190} INFO - [2026-09-23T00:16:02.996+0000] {dagbag.py:588} INFO - Filling up the DagBag from /opt/airflow/dags/dss150p_pipeline.py
[2026-09-23T00:16:03.785+0000] {processor.py:925} INFO - DAG(s) 'dss150p_sales_pipeline' retrieved from /opt/airflow/dags/dss150p_pipeline.py
[2026-09-23T00:16:04.424+0000] {logging_mixin.py:190} INFO - [2026-09-23T00:16:04.423+0000] {dag.py:3239} INFO - Sync 1 DAGs
[2026-09-23T00:16:04.941+0000] {processor.py:208} INFO - Processing /opt/airflow/dags/dss150p_pipeline.py took 2.293 seconds
[2026-09-23T00:16:35.620+0000] {processor.py:186} INFO - Started process (PID=514) to work on /opt/airflow/dags/dss150p_pipeline.py
[2026-09-23T00:16:35.624+0000] {processor.py:914} INFO - Processing file /opt/airflow/dags/dss150p_pipeline.py for tasks to queue
[2026-09-23T00:16:35.640+0000] {logging_mixin.py:190} INFO - [2026-09-23T00:16:35.638+0000] {dagbag.py:588} INFO - Filling up the DagBag from /opt/airflow/dags/dss150p_pipeline.py
[2026-09-23T00:16:35.755+0000] {processor.py:925} INFO - DAG(s) 'dss150p_sales_pipeline' retrieved from /opt/airflow/dags/dss150p_pipeline.py
[2026-09-23T00:16:35.959+0000] {logging_mixin.py:190} INFO - [2026-09-23T00:16:35.959+0000] {dag.py:3239} INFO - Sync 1 DAGs
[2026-09-23T00:16:36.109+0000] {processor.py:208} INFO - Processing /opt/airflow/dags/dss150p_pipeline.py took 0.520 seconds
[2026-09-23T00:17:06.255+0000] {processor.py:186} INFO - Started process (PID=519) to work on /opt/airflow/dags/dss150p_pipeline.py
[2026-09-23T00:17:06.257+0000] {processor.py:914} INFO - Processing file /opt/airflow/dags/dss150p_pipeline.py for tasks to queue
[2026-09-23T00:17:06.261+0000] {logging_mixin.py:190} INFO - [2026-09-23T00:17:06.260+0000] {dagbag.py:588} INFO - Filling up the DagBag from /opt/airflow/dags/dss150p_pipeline.py
[2026-09-23T00:17:06.298+0000] {processor.py:925} INFO - DAG(s) 'dss150p_sales_pipeline' retrieved from /opt/airflow/dags/dss150p_pipeline.py
[2026-09-23T00:17:06.399+0000] {logging_mixin.py:190} INFO - [2026-09-23T00:17:06.399+0000] {dag.py:3239} INFO - Sync 1 DAGs
[2026-09-23T00:17:06.491+0000] {processor.py:208} INFO - Processing /opt/airflow/dags/dss150p_pipeline.py took 0.249 seconds
[2026-09-23T00:17:36.974+0000] {processor.py:186} INFO - Started process (PID=524) to work on /opt/airflow/dags/dss150p_pipeline.py
[2026-09-23T00:17:36.983+0000] {processor.py:914} INFO - Processing file /opt/airflow/dags/dss150p_pipeline.py for tasks to queue
[2026-09-23T00:17:36.995+0000] {logging_mixin.py:190} INFO - [2026-09-23T00:17:36.994+0000] {dagbag.py:588} INFO - Filling up the DagBag from /opt/airflow/dags/dss150p_pipeline.py
[2026-09-23T00:17:37.070+0000] {processor.py:925} INFO - DAG(s) 'dss150p_sales_pipeline' retrieved from /opt/airflow/dags/dss150p_pipeline.py
[2026-09-23T00:17:37.219+0000] {logging_mixin.py:190} INFO - [2026-09-23T00:17:37.218+0000] {dag.py:3239} INFO - Sync 1 DAGs
[2026-09-23T00:17:37.329+0000] {processor.py:208} INFO - Processing /opt/airflow/dags/dss150p_pipeline.py took 0.387 seconds
[2026-09-23T00:18:07.846+0000] {processor.py:186} INFO - Started process (PID=529) to work on /opt/airflow/dags/dss150p_pipeline.py
[2026-09-23T00:18:07.851+0000] {processor.py:914} INFO - Processing file /opt/airflow/dags/dss150p_pipeline.py for tasks to queue
[2026-09-23T00:18:07.863+0000] {logging_mixin.py:190} INFO - [2026-09-23T00:18:07.861+0000] {dagbag.py:588} INFO - Filling up the DagBag from /opt/airflow/dags/dss150p_pipeline.py
[2026-09-23T00:18:07.925+0000] {processor.py:925} INFO - DAG(s) 'dss150p_sales_pipeline' retrieved from /opt/airflow/dags/dss150p_pipeline.py
[2026-09-23T00:18:08.021+0000] {logging_mixin.py:190} INFO - [2026-09-23T00:18:08.021+0000] {dag.py:3239} INFO - Sync 1 DAGs
[2026-09-23T00:18:08.094+0000] {processor.py:208} INFO - Processing /opt/airflow/dags/dss150p_pipeline.py took 0.281 seconds
[2026-09-23T00:18:38.570+0000] {processor.py:186} INFO - Started process (PID=535) to work on /opt/airflow/dags/dss150p_pipeline.py
[2026-09-23T00:18:38.573+0000] {processor.py:914} INFO - Processing file /opt/airflow/dags/dss150p_pipeline.py for tasks to queue
[2026-09-23T00:18:38.586+0000] {logging_mixin.py:190} INFO - [2026-09-23T00:18:38.585+0000] {dagbag.py:588} INFO - Filling up the DagBag from /opt/airflow/dags/dss150p_pipeline.py
[2026-09-23T00:18:38.764+0000] {processor.py:925} INFO - DAG(s) 'dss150p_sales_pipeline' retrieved from /opt/airflow/dags/dss150p_pipeline.py
[2026-09-23T00:18:38.959+0000] {logging_mixin.py:190} INFO - [2026-09-23T00:18:38.958+0000] {dag.py:3239} INFO - Sync 1 DAGs
[2026-09-23T00:18:39.113+0000] {processor.py:208} INFO - Processing /opt/airflow/dags/dss150p_pipeline.py took 0.558 seconds
[2026-09-23T00:19:09.957+0000] {processor.py:186} INFO - Started process (PID=551) to work on /opt/airflow/dags/dss150p_pipeline.py
[2026-09-23T00:19:09.989+0000] {processor.py:914} INFO - Processing file /opt/airflow/dags/dss150p_pipeline.py for tasks to queue
[2026-09-23T00:19:10.062+0000] {logging_mixin.py:190} INFO - [2026-09-23T00:19:10.054+0000] {dagbag.py:588} INFO - Filling up the DagBag from /opt/airflow/dags/dss150p_pipeline.py
[2026-09-23T00:19:10.657+0000] {processor.py:925} INFO - DAG(s) 'dss150p_sales_pipeline' retrieved from /opt/airflow/dags/dss150p_pipeline.py
[2026-09-23T00:19:11.836+0000] {logging_mixin.py:190} INFO - [2026-09-23T00:19:11.835+0000] {dag.py:3239} INFO - Sync 1 DAGs
[2026-09-23T00:19:12.504+0000] {processor.py:208} INFO - Processing /opt/airflow/dags/dss150p_pipeline.py took 2.684 seconds
[2026-09-23T00:19:43.513+0000] {processor.py:186} INFO - Started process (PID=556) to work on /opt/airflow/dags/dss150p_pipeline.py
[2026-09-23T00:19:43.522+0000] {processor.py:914} INFO - Processing file /opt/airflow/dags/dss150p_pipeline.py for tasks to queue
[2026-09-23T00:19:43.566+0000] {logging_mixin.py:190} INFO - [2026-09-23T00:19:43.559+0000] {dagbag.py:588} INFO - Filling up the DagBag from /opt/airflow/dags/dss150p_pipeline.py
[2026-09-23T00:19:43.920+0000] {processor.py:925} INFO - DAG(s) 'dss150p_sales_pipeline' retrieved from /opt/airflow/dags/dss150p_pipeline.py
[2026-09-23T00:19:44.312+0000] {logging_mixin.py:190} INFO - [2026-09-23T00:19:44.311+0000] {dag.py:3239} INFO - Sync 1 DAGs
[2026-09-23T00:19:44.663+0000] {processor.py:208} INFO - Processing /opt/airflow/dags/dss150p_pipeline.py took 1.242 seconds
[2026-09-23T00:20:15.208+0000] {processor.py:186} INFO - Started process (PID=561) to work on /opt/airflow/dags/dss150p_pipeline.py
[2026-09-23T00:20:15.255+0000] {processor.py:914} INFO - Processing file /opt/airflow/dags/dss150p_pipeline.py for tasks to queue
[2026-09-23T00:20:15.323+0000] {logging_mixin.py:190} INFO - [2026-09-23T00:20:15.315+0000] {dagbag.py:588} INFO - Filling up the DagBag from /opt/airflow/dags/dss150p_pipeline.py
[2026-09-23T00:20:15.600+0000] {processor.py:925} INFO - DAG(s) 'dss150p_sales_pipeline' retrieved from /opt/airflow/dags/dss150p_pipeline.py
[2026-09-23T00:20:15.803+0000] {logging_mixin.py:190} INFO - [2026-09-23T00:20:15.803+0000] {dag.py:3239} INFO - Sync 1 DAGs
[2026-09-23T00:20:15.975+0000] {processor.py:208} INFO - Processing /opt/airflow/dags/dss150p_pipeline.py took 0.826 seconds
[2026-09-23T00:20:46.469+0000] {processor.py:186} INFO - Started process (PID=566) to work on /opt/airflow/dags/dss150p_pipeline.py
[2026-09-23T00:20:46.477+0000] {processor.py:914} INFO - Processing file /opt/airflow/dags/dss150p_pipeline.py for tasks to queue
[2026-09-23T00:20:46.485+0000] {logging_mixin.py:190} INFO - [2026-09-23T00:20:46.483+0000] {dagbag.py:588} INFO - Filling up the DagBag from /opt/airflow/dags/dss150p_pipeline.py
[2026-09-23T00:20:46.593+0000] {processor.py:925} INFO - DAG(s) 'dss150p_sales_pipeline' retrieved from /opt/airflow/dags/dss150p_pipeline.py
[2026-09-23T00:20:46.687+0000] {logging_mixin.py:190} INFO - [2026-09-23T00:20:46.687+0000] {dag.py:3239} INFO - Sync 1 DAGs
[2026-09-23T00:20:46.767+0000] {processor.py:208} INFO - Processing /opt/airflow/dags/dss150p_pipeline.py took 0.335 seconds
[2026-09-23T00:21:17.254+0000] {processor.py:186} INFO - Started process (PID=571) to work on /opt/airflow/dags/dss150p_pipeline.py
[2026-09-23T00:21:17.261+0000] {processor.py:914} INFO - Processing file /opt/airflow/dags/dss150p_pipeline.py for tasks to queue
[2026-09-23T00:21:17.290+0000] {logging_mixin.py:190} INFO - [2026-09-23T00:21:17.286+0000] {dagbag.py:588} INFO - Filling up the DagBag from /opt/airflow/dags/dss150p_pipeline.py
[2026-09-23T00:21:17.593+0000] {processor.py:925} INFO - DAG(s) 'dss150p_sales_pipeline' retrieved from /opt/airflow/dags/dss150p_pipeline.py
[2026-09-23T00:21:17.989+0000] {logging_mixin.py:190} INFO - [2026-09-23T00:21:17.988+0000] {dag.py:3239} INFO - Sync 1 DAGs
[2026-09-23T00:21:18.251+0000] {processor.py:208} INFO - Processing /opt/airflow/dags/dss150p_pipeline.py took 1.049 seconds
[2026-09-23T00:21:48.776+0000] {processor.py:186} INFO - Started process (PID=576) to work on /opt/airflow/dags/dss150p_pipeline.py
[2026-09-23T00:21:48.783+0000] {processor.py:914} INFO - Processing file /opt/airflow/dags/dss150p_pipeline.py for tasks to queue
[2026-09-23T00:21:48.804+0000] {logging_mixin.py:190} INFO - [2026-09-23T00:21:48.802+0000] {dagbag.py:588} INFO - Filling up the DagBag from /opt/airflow/dags/dss150p_pipeline.py
[2026-09-23T00:21:48.997+0000] {processor.py:925} INFO - DAG(s) 'dss150p_sales_pipeline' retrieved from /opt/airflow/dags/dss150p_pipeline.py
[2026-09-23T00:21:49.226+0000] {logging_mixin.py:190} INFO - [2026-09-23T00:21:49.226+0000] {dag.py:3239} INFO - Sync 1 DAGs
[2026-09-23T00:21:49.438+0000] {processor.py:208} INFO - Processing /opt/airflow/dags/dss150p_pipeline.py took 0.714 seconds
[2026-09-23T00:22:19.958+0000] {processor.py:186} INFO - Started process (PID=581) to work on /opt/airflow/dags/dss150p_pipeline.py
[2026-09-23T00:22:20.029+0000] {processor.py:914} INFO - Processing file /opt/airflow/dags/dss150p_pipeline.py for tasks to queue
[2026-09-23T00:22:20.054+0000] {logging_mixin.py:190} INFO - [2026-09-23T00:22:20.053+0000] {dagbag.py:588} INFO - Filling up the DagBag from /opt/airflow/dags/dss150p_pipeline.py
[2026-09-23T00:22:20.128+0000] {processor.py:925} INFO - DAG(s) 'dss150p_sales_pipeline' retrieved from /opt/airflow/dags/dss150p_pipeline.py
[2026-09-23T00:22:20.233+0000] {logging_mixin.py:190} INFO - [2026-09-23T00:22:20.233+0000] {dag.py:3239} INFO - Sync 1 DAGs
[2026-09-23T00:22:20.484+0000] {processor.py:208} INFO - Processing /opt/airflow/dags/dss150p_pipeline.py took 0.538 seconds
[2026-09-23T00:22:50.587+0000] {processor.py:186} INFO - Started process (PID=586) to work on /opt/airflow/dags/dss150p_pipeline.py
[2026-09-23T00:22:50.589+0000] {processor.py:914} INFO - Processing file /opt/airflow/dags/dss150p_pipeline.py for tasks to queue
[2026-09-23T00:22:50.592+0000] {logging_mixin.py:190} INFO - [2026-09-23T00:22:50.592+0000] {dagbag.py:588} INFO - Filling up the DagBag from /opt/airflow/dags/dss150p_pipeline.py
[2026-09-23T00:22:50.618+0000] {processor.py:925} INFO - DAG(s) 'dss150p_sales_pipeline' retrieved from /opt/airflow/dags/dss150p_pipeline.py
[2026-09-23T00:22:50.663+0000] {logging_mixin.py:190} INFO - [2026-09-23T00:22:50.662+0000] {dag.py:3239} INFO - Sync 1 DAGs
[2026-09-23T00:22:50.778+0000] {processor.py:208} INFO - Processing /opt/airflow/dags/dss150p_pipeline.py took 0.199 seconds
[2026-09-23T00:23:21.128+0000] {processor.py:186} INFO - Started process (PID=591) to work on /opt/airflow/dags/dss150p_pipeline.py
[2026-09-23T00:23:21.132+0000] {processor.py:914} INFO - Processing file /opt/airflow/dags/dss150p_pipeline.py for tasks to queue
[2026-09-23T00:23:21.141+0000] {logging_mixin.py:190} INFO - [2026-09-23T00:23:21.140+0000] {dagbag.py:588} INFO - Filling up the DagBag from /opt/airflow/dags/dss150p_pipeline.py
[2026-09-23T00:23:21.203+0000] {processor.py:925} INFO - DAG(s) 'dss150p_sales_pipeline' retrieved from /opt/airflow/dags/dss150p_pipeline.py
[2026-09-23T00:23:21.343+0000] {logging_mixin.py:190} INFO - [2026-09-23T00:23:21.343+0000] {dag.py:3239} INFO - Sync 1 DAGs
[2026-09-23T00:23:21.446+0000] {processor.py:208} INFO - Processing /opt/airflow/dags/dss150p_pipeline.py took 0.342 seconds
[2026-09-23T00:23:52.033+0000] {processor.py:186} INFO - Started process (PID=599) to work on /opt/airflow/dags/dss150p_pipeline.py
[2026-09-23T00:23:52.048+0000] {processor.py:914} INFO - Processing file /opt/airflow/dags/dss150p_pipeline.py for tasks to queue
[2026-09-23T00:23:52.065+0000] {logging_mixin.py:190} INFO - [2026-09-23T00:23:52.059+0000] {dagbag.py:588} INFO - Filling up the DagBag from /opt/airflow/dags/dss150p_pipeline.py
[2026-09-23T00:23:52.276+0000] {processor.py:925} INFO - DAG(s) 'dss150p_sales_pipeline' retrieved from /opt/airflow/dags/dss150p_pipeline.py
[2026-09-23T00:23:52.439+0000] {logging_mixin.py:190} INFO - [2026-09-23T00:23:52.438+0000] {dag.py:3239} INFO - Sync 1 DAGs
[2026-09-23T00:23:52.603+0000] {processor.py:208} INFO - Processing /opt/airflow/dags/dss150p_pipeline.py took 0.735 seconds
[2026-09-23T00:24:23.379+0000] {processor.py:186} INFO - Started process (PID=625) to work on /opt/airflow/dags/dss150p_pipeline.py
[2026-09-23T00:24:23.399+0000] {processor.py:914} INFO - Processing file /opt/airflow/dags/dss150p_pipeline.py for tasks to queue
[2026-09-23T00:24:23.453+0000] {logging_mixin.py:190} INFO - [2026-09-23T00:24:23.450+0000] {dagbag.py:588} INFO - Filling up the DagBag from /opt/airflow/dags/dss150p_pipeline.py
[2026-09-23T00:24:23.606+0000] {processor.py:925} INFO - DAG(s) 'dss150p_sales_pipeline' retrieved from /opt/airflow/dags/dss150p_pipeline.py
[2026-09-23T00:24:23.869+0000] {logging_mixin.py:190} INFO - [2026-09-23T00:24:23.868+0000] {dag.py:3239} INFO - Sync 1 DAGs
[2026-09-23T00:24:24.051+0000] {processor.py:208} INFO - Processing /opt/airflow/dags/dss150p_pipeline.py took 0.727 seconds
[2026-09-23T00:24:54.752+0000] {processor.py:186} INFO - Started process (PID=630) to work on /opt/airflow/dags/dss150p_pipeline.py
[2026-09-23T00:24:54.763+0000] {processor.py:914} INFO - Processing file /opt/airflow/dags/dss150p_pipeline.py for tasks to queue
[2026-09-23T00:24:54.777+0000] {logging_mixin.py:190} INFO - [2026-09-23T00:24:54.776+0000] {dagbag.py:588} INFO - Filling up the DagBag from /opt/airflow/dags/dss150p_pipeline.py
[2026-09-23T00:24:54.872+0000] {processor.py:925} INFO - DAG(s) 'dss150p_sales_pipeline' retrieved from /opt/airflow/dags/dss150p_pipeline.py
[2026-09-23T00:24:54.984+0000] {logging_mixin.py:190} INFO - [2026-09-23T00:24:54.984+0000] {dag.py:3239} INFO - Sync 1 DAGs
[2026-09-23T00:24:55.101+0000] {processor.py:208} INFO - Processing /opt/airflow/dags/dss150p_pipeline.py took 0.386 seconds
[2026-09-23T00:25:25.400+0000] {processor.py:186} INFO - Started process (PID=635) to work on /opt/airflow/dags/dss150p_pipeline.py
[2026-09-23T00:25:25.402+0000] {processor.py:914} INFO - Processing file /opt/airflow/dags/dss150p_pipeline.py for tasks to queue
[2026-09-23T00:25:25.409+0000] {logging_mixin.py:190} INFO - [2026-09-23T00:25:25.408+0000] {dagbag.py:588} INFO - Filling up the DagBag from /opt/airflow/dags/dss150p_pipeline.py
[2026-09-23T00:25:25.462+0000] {processor.py:925} INFO - DAG(s) 'dss150p_sales_pipeline' retrieved from /opt/airflow/dags/dss150p_pipeline.py
[2026-09-23T00:25:25.525+0000] {logging_mixin.py:190} INFO - [2026-09-23T00:25:25.525+0000] {dag.py:3239} INFO - Sync 1 DAGs
[2026-09-23T00:25:25.620+0000] {processor.py:208} INFO - Processing /opt/airflow/dags/dss150p_pipeline.py took 0.236 seconds
[2026-09-23T00:25:56.114+0000] {processor.py:186} INFO - Started process (PID=640) to work on /opt/airflow/dags/dss150p_pipeline.py
[2026-09-23T00:25:56.118+0000] {processor.py:914} INFO - Processing file /opt/airflow/dags/dss150p_pipeline.py for tasks to queue
[2026-09-23T00:25:56.127+0000] {logging_mixin.py:190} INFO - [2026-09-23T00:25:56.126+0000] {dagbag.py:588} INFO - Filling up the DagBag from /opt/airflow/dags/dss150p_pipeline.py
[2026-09-23T00:25:56.186+0000] {processor.py:925} INFO - DAG(s) 'dss150p_sales_pipeline' retrieved from /opt/airflow/dags/dss150p_pipeline.py
[2026-09-23T00:25:56.271+0000] {logging_mixin.py:190} INFO - [2026-09-23T00:25:56.271+0000] {dag.py:3239} INFO - Sync 1 DAGs
[2026-09-23T00:25:56.402+0000] {processor.py:208} INFO - Processing /opt/airflow/dags/dss150p_pipeline.py took 0.307 seconds
[2026-09-23T00:26:26.577+0000] {processor.py:186} INFO - Started process (PID=645) to work on /opt/airflow/dags/dss150p_pipeline.py
[2026-09-23T00:26:26.591+0000] {processor.py:914} INFO - Processing file /opt/airflow/dags/dss150p_pipeline.py for tasks to queue
[2026-09-23T00:26:26.597+0000] {logging_mixin.py:190} INFO - [2026-09-23T00:26:26.596+0000] {dagbag.py:588} INFO - Filling up the DagBag from /opt/airflow/dags/dss150p_pipeline.py
[2026-09-23T00:26:26.724+0000] {processor.py:925} INFO - DAG(s) 'dss150p_sales_pipeline' retrieved from /opt/airflow/dags/dss150p_pipeline.py
[2026-09-23T00:26:26.829+0000] {logging_mixin.py:190} INFO - [2026-09-23T00:26:26.828+0000] {dag.py:3239} INFO - Sync 1 DAGs
[2026-09-23T00:26:26.912+0000] {processor.py:208} INFO - Processing /opt/airflow/dags/dss150p_pipeline.py took 0.349 seconds
[2026-09-23T00:26:57.401+0000] {processor.py:186} INFO - Started process (PID=650) to work on /opt/airflow/dags/dss150p_pipeline.py
[2026-09-23T00:26:57.405+0000] {processor.py:914} INFO - Processing file /opt/airflow/dags/dss150p_pipeline.py for tasks to queue
[2026-09-23T00:26:57.410+0000] {logging_mixin.py:190} INFO - [2026-09-23T00:26:57.409+0000] {dagbag.py:588} INFO - Filling up the DagBag from /opt/airflow/dags/dss150p_pipeline.py
[2026-09-23T00:26:57.452+0000] {processor.py:925} INFO - DAG(s) 'dss150p_sales_pipeline' retrieved from /opt/airflow/dags/dss150p_pipeline.py
[2026-09-23T00:26:57.537+0000] {logging_mixin.py:190} INFO - [2026-09-23T00:26:57.537+0000] {dag.py:3239} INFO - Sync 1 DAGs
[2026-09-23T00:26:57.728+0000] {processor.py:208} INFO - Processing /opt/airflow/dags/dss150p_pipeline.py took 0.338 seconds
[2026-09-23T00:27:27.906+0000] {processor.py:186} INFO - Started process (PID=655) to work on /opt/airflow/dags/dss150p_pipeline.py
[2026-09-23T00:27:27.920+0000] {processor.py:914} INFO - Processing file /opt/airflow/dags/dss150p_pipeline.py for tasks to queue
[2026-09-23T00:27:27.930+0000] {logging_mixin.py:190} INFO - [2026-09-23T00:27:27.929+0000] {dagbag.py:588} INFO - Filling up the DagBag from /opt/airflow/dags/dss150p_pipeline.py
[2026-09-23T00:27:28.019+0000] {processor.py:925} INFO - DAG(s) 'dss150p_sales_pipeline' retrieved from /opt/airflow/dags/dss150p_pipeline.py
[2026-09-23T00:27:28.151+0000] {logging_mixin.py:190} INFO - [2026-09-23T00:27:28.150+0000] {dag.py:3239} INFO - Sync 1 DAGs
[2026-09-23T00:27:28.313+0000] {processor.py:208} INFO - Processing /opt/airflow/dags/dss150p_pipeline.py took 0.439 seconds
[2026-09-23T00:27:58.638+0000] {processor.py:186} INFO - Started process (PID=660) to work on /opt/airflow/dags/dss150p_pipeline.py
[2026-09-23T00:27:58.640+0000] {processor.py:914} INFO - Processing file /opt/airflow/dags/dss150p_pipeline.py for tasks to queue
[2026-09-23T00:27:58.645+0000] {logging_mixin.py:190} INFO - [2026-09-23T00:27:58.645+0000] {dagbag.py:588} INFO - Filling up the DagBag from /opt/airflow/dags/dss150p_pipeline.py
[2026-09-23T00:27:58.698+0000] {processor.py:925} INFO - DAG(s) 'dss150p_sales_pipeline' retrieved from /opt/airflow/dags/dss150p_pipeline.py
[2026-09-23T00:27:58.868+0000] {logging_mixin.py:190} INFO - [2026-09-23T00:27:58.868+0000] {dag.py:3239} INFO - Sync 1 DAGs
[2026-09-23T00:27:59.085+0000] {processor.py:208} INFO - Processing /opt/airflow/dags/dss150p_pipeline.py took 0.461 seconds
[2026-09-23T00:28:29.408+0000] {processor.py:186} INFO - Started process (PID=665) to work on /opt/airflow/dags/dss150p_pipeline.py
[2026-09-23T00:28:29.411+0000] {processor.py:914} INFO - Processing file /opt/airflow/dags/dss150p_pipeline.py for tasks to queue
[2026-09-23T00:28:29.421+0000] {logging_mixin.py:190} INFO - [2026-09-23T00:28:29.418+0000] {dagbag.py:588} INFO - Filling up the DagBag from /opt/airflow/dags/dss150p_pipeline.py
[2026-09-23T00:28:29.506+0000] {processor.py:925} INFO - DAG(s) 'dss150p_sales_pipeline' retrieved from /opt/airflow/dags/dss150p_pipeline.py
[2026-09-23T00:28:29.593+0000] {logging_mixin.py:190} INFO - [2026-09-23T00:28:29.593+0000] {dag.py:3239} INFO - Sync 1 DAGs
[2026-09-23T00:28:29.725+0000] {processor.py:208} INFO - Processing /opt/airflow/dags/dss150p_pipeline.py took 0.351 seconds
[2026-09-23T00:29:00.104+0000] {processor.py:186} INFO - Started process (PID=670) to work on /opt/airflow/dags/dss150p_pipeline.py
[2026-09-23T00:29:00.107+0000] {processor.py:914} INFO - Processing file /opt/airflow/dags/dss150p_pipeline.py for tasks to queue
[2026-09-23T00:29:00.114+0000] {logging_mixin.py:190} INFO - [2026-09-23T00:29:00.113+0000] {dagbag.py:588} INFO - Filling up the DagBag from /opt/airflow/dags/dss150p_pipeline.py
[2026-09-23T00:29:00.163+0000] {processor.py:925} INFO - DAG(s) 'dss150p_sales_pipeline' retrieved from /opt/airflow/dags/dss150p_pipeline.py
[2026-09-23T00:29:00.242+0000] {logging_mixin.py:190} INFO - [2026-09-23T00:29:00.242+0000] {dag.py:3239} INFO - Sync 1 DAGs
[2026-09-23T00:29:00.324+0000] {processor.py:208} INFO - Processing /opt/airflow/dags/dss150p_pipeline.py took 0.259 seconds
[2026-09-23T00:29:30.680+0000] {processor.py:186} INFO - Started process (PID=687) to work on /opt/airflow/dags/dss150p_pipeline.py
[2026-09-23T00:29:30.684+0000] {processor.py:914} INFO - Processing file /opt/airflow/dags/dss150p_pipeline.py for tasks to queue
[2026-09-23T00:29:30.705+0000] {logging_mixin.py:190} INFO - [2026-09-23T00:29:30.704+0000] {dagbag.py:588} INFO - Filling up the DagBag from /opt/airflow/dags/dss150p_pipeline.py
[2026-09-23T00:29:30.799+0000] {processor.py:925} INFO - DAG(s) 'dss150p_sales_pipeline' retrieved from /opt/airflow/dags/dss150p_pipeline.py
[2026-09-23T00:29:30.930+0000] {logging_mixin.py:190} INFO - [2026-09-23T00:29:30.930+0000] {dag.py:3239} INFO - Sync 1 DAGs
[2026-09-23T00:29:31.066+0000] {processor.py:208} INFO - Processing /opt/airflow/dags/dss150p_pipeline.py took 0.406 seconds
[2026-09-23T00:30:01.848+0000] {processor.py:186} INFO - Started process (PID=692) to work on /opt/airflow/dags/dss150p_pipeline.py
[2026-09-23T00:30:01.855+0000] {processor.py:914} INFO - Processing file /opt/airflow/dags/dss150p_pipeline.py for tasks to queue
[2026-09-23T00:30:01.888+0000] {logging_mixin.py:190} INFO - [2026-09-23T00:30:01.884+0000] {dagbag.py:588} INFO - Filling up the DagBag from /opt/airflow/dags/dss150p_pipeline.py
[2026-09-23T00:30:02.111+0000] {processor.py:925} INFO - DAG(s) 'dss150p_sales_pipeline' retrieved from /opt/airflow/dags/dss150p_pipeline.py
[2026-09-23T00:30:02.381+0000] {logging_mixin.py:190} INFO - [2026-09-23T00:30:02.381+0000] {dag.py:3239} INFO - Sync 1 DAGs
[2026-09-23T00:30:02.602+0000] {processor.py:208} INFO - Processing /opt/airflow/dags/dss150p_pipeline.py took 0.819 seconds
[2026-09-23T00:30:33.241+0000] {processor.py:186} INFO - Started process (PID=697) to work on /opt/airflow/dags/dss150p_pipeline.py
[2026-09-23T00:30:33.248+0000] {processor.py:914} INFO - Processing file /opt/airflow/dags/dss150p_pipeline.py for tasks to queue
[2026-09-23T00:30:33.291+0000] {logging_mixin.py:190} INFO - [2026-09-23T00:30:33.284+0000] {dagbag.py:588} INFO - Filling up the DagBag from /opt/airflow/dags/dss150p_pipeline.py
[2026-09-23T00:30:33.652+0000] {processor.py:925} INFO - DAG(s) 'dss150p_sales_pipeline' retrieved from /opt/airflow/dags/dss150p_pipeline.py
[2026-09-23T00:30:33.936+0000] {logging_mixin.py:190} INFO - [2026-09-23T00:30:33.936+0000] {dag.py:3239} INFO - Sync 1 DAGs
[2026-09-23T00:30:34.171+0000] {processor.py:208} INFO - Processing /opt/airflow/dags/dss150p_pipeline.py took 1.012 seconds
[2026-09-23T00:31:04.841+0000] {processor.py:186} INFO - Started process (PID=702) to work on /opt/airflow/dags/dss150p_pipeline.py
[2026-09-23T00:31:04.855+0000] {processor.py:914} INFO - Processing file /opt/airflow/dags/dss150p_pipeline.py for tasks to queue
[2026-09-23T00:31:04.929+0000] {logging_mixin.py:190} INFO - [2026-09-23T00:31:04.922+0000] {dagbag.py:588} INFO - Filling up the DagBag from /opt/airflow/dags/dss150p_pipeline.py
[2026-09-23T00:31:05.281+0000] {processor.py:925} INFO - DAG(s) 'dss150p_sales_pipeline' retrieved from /opt/airflow/dags/dss150p_pipeline.py
[2026-09-23T00:31:05.661+0000] {logging_mixin.py:190} INFO - [2026-09-23T00:31:05.661+0000] {dag.py:3239} INFO - Sync 1 DAGs
[2026-09-23T00:31:05.933+0000] {processor.py:208} INFO - Processing /opt/airflow/dags/dss150p_pipeline.py took 1.207 seconds
[2026-09-23T00:31:36.313+0000] {processor.py:186} INFO - Started process (PID=707) to work on /opt/airflow/dags/dss150p_pipeline.py
[2026-09-23T00:31:36.319+0000] {processor.py:914} INFO - Processing file /opt/airflow/dags/dss150p_pipeline.py for tasks to queue
[2026-09-23T00:31:36.343+0000] {logging_mixin.py:190} INFO - [2026-09-23T00:31:36.339+0000] {dagbag.py:588} INFO - Filling up the DagBag from /opt/airflow/dags/dss150p_pipeline.py
[2026-09-23T00:31:36.495+0000] {processor.py:925} INFO - DAG(s) 'dss150p_sales_pipeline' retrieved from /opt/airflow/dags/dss150p_pipeline.py
[2026-09-23T00:31:36.658+0000] {logging_mixin.py:190} INFO - [2026-09-23T00:31:36.658+0000] {dag.py:3239} INFO - Sync 1 DAGs
[2026-09-23T00:31:36.773+0000] {processor.py:208} INFO - Processing /opt/airflow/dags/dss150p_pipeline.py took 0.537 seconds
[2026-09-23T00:32:07.010+0000] {processor.py:186} INFO - Started process (PID=712) to work on /opt/airflow/dags/dss150p_pipeline.py
[2026-09-23T00:32:07.014+0000] {processor.py:914} INFO - Processing file /opt/airflow/dags/dss150p_pipeline.py for tasks to queue
[2026-09-23T00:32:07.021+0000] {logging_mixin.py:190} INFO - [2026-09-23T00:32:07.021+0000] {dagbag.py:588} INFO - Filling up the DagBag from /opt/airflow/dags/dss150p_pipeline.py
[2026-09-23T00:32:07.194+0000] {processor.py:925} INFO - DAG(s) 'dss150p_sales_pipeline' retrieved from /opt/airflow/dags/dss150p_pipeline.py
[2026-09-23T00:32:07.370+0000] {logging_mixin.py:190} INFO - [2026-09-23T00:32:07.370+0000] {dag.py:3239} INFO - Sync 1 DAGs
[2026-09-23T00:32:07.507+0000] {processor.py:208} INFO - Processing /opt/airflow/dags/dss150p_pipeline.py took 0.512 seconds
[2026-09-23T00:32:38.075+0000] {processor.py:186} INFO - Started process (PID=717) to work on /opt/airflow/dags/dss150p_pipeline.py
[2026-09-23T00:32:38.081+0000] {processor.py:914} INFO - Processing file /opt/airflow/dags/dss150p_pipeline.py for tasks to queue
[2026-09-23T00:32:38.099+0000] {logging_mixin.py:190} INFO - [2026-09-23T00:32:38.098+0000] {dagbag.py:588} INFO - Filling up the DagBag from /opt/airflow/dags/dss150p_pipeline.py
[2026-09-23T00:32:38.189+0000] {processor.py:925} INFO - DAG(s) 'dss150p_sales_pipeline' retrieved from /opt/airflow/dags/dss150p_pipeline.py
[2026-09-23T00:32:38.283+0000] {logging_mixin.py:190} INFO - [2026-09-23T00:32:38.283+0000] {dag.py:3239} INFO - Sync 1 DAGs
[2026-09-23T00:32:38.368+0000] {processor.py:208} INFO - Processing /opt/airflow/dags/dss150p_pipeline.py took 0.337 seconds
[2026-09-23T00:33:08.638+0000] {processor.py:186} INFO - Started process (PID=722) to work on /opt/airflow/dags/dss150p_pipeline.py
[2026-09-23T00:33:08.650+0000] {processor.py:914} INFO - Processing file /opt/airflow/dags/dss150p_pipeline.py for tasks to queue
[2026-09-23T00:33:08.700+0000] {logging_mixin.py:190} INFO - [2026-09-23T00:33:08.695+0000] {dagbag.py:588} INFO - Filling up the DagBag from /opt/airflow/dags/dss150p_pipeline.py
[2026-09-23T00:33:08.911+0000] {processor.py:925} INFO - DAG(s) 'dss150p_sales_pipeline' retrieved from /opt/airflow/dags/dss150p_pipeline.py
[2026-09-23T00:33:09.127+0000] {logging_mixin.py:190} INFO - [2026-09-23T00:33:09.126+0000] {dag.py:3239} INFO - Sync 1 DAGs
[2026-09-23T00:33:09.318+0000] {processor.py:208} INFO - Processing /opt/airflow/dags/dss150p_pipeline.py took 0.723 seconds
[2026-09-23T00:33:40.157+0000] {processor.py:186} INFO - Started process (PID=727) to work on /opt/airflow/dags/dss150p_pipeline.py
[2026-09-23T00:33:40.161+0000] {processor.py:914} INFO - Processing file /opt/airflow/dags/dss150p_pipeline.py for tasks to queue
[2026-09-23T00:33:40.183+0000] {logging_mixin.py:190} INFO - [2026-09-23T00:33:40.181+0000] {dagbag.py:588} INFO - Filling up the DagBag from /opt/airflow/dags/dss150p_pipeline.py
[2026-09-23T00:33:40.309+0000] {processor.py:925} INFO - DAG(s) 'dss150p_sales_pipeline' retrieved from /opt/airflow/dags/dss150p_pipeline.py
[2026-09-23T00:33:40.534+0000] {logging_mixin.py:190} INFO - [2026-09-23T00:33:40.533+0000] {dag.py:3239} INFO - Sync 1 DAGs
[2026-09-23T00:33:40.699+0000] {processor.py:208} INFO - Processing /opt/airflow/dags/dss150p_pipeline.py took 0.580 seconds
[2026-09-23T00:34:11.382+0000] {processor.py:186} INFO - Started process (PID=732) to work on /opt/airflow/dags/dss150p_pipeline.py
[2026-09-23T00:34:11.389+0000] {processor.py:914} INFO - Processing file /opt/airflow/dags/dss150p_pipeline.py for tasks to queue
[2026-09-23T00:34:11.407+0000] {logging_mixin.py:190} INFO - [2026-09-23T00:34:11.405+0000] {dagbag.py:588} INFO - Filling up the DagBag from /opt/airflow/dags/dss150p_pipeline.py
[2026-09-23T00:34:11.513+0000] {processor.py:925} INFO - DAG(s) 'dss150p_sales_pipeline' retrieved from /opt/airflow/dags/dss150p_pipeline.py
[2026-09-23T00:34:11.834+0000] {logging_mixin.py:190} INFO - [2026-09-23T00:34:11.834+0000] {dag.py:3239} INFO - Sync 1 DAGs
[2026-09-23T00:34:12.275+0000] {processor.py:208} INFO - Processing /opt/airflow/dags/dss150p_pipeline.py took 0.956 seconds
[2026-09-23T00:34:43.230+0000] {processor.py:186} INFO - Started process (PID=761) to work on /opt/airflow/dags/dss150p_pipeline.py
[2026-09-23T00:34:43.240+0000] {processor.py:914} INFO - Processing file /opt/airflow/dags/dss150p_pipeline.py for tasks to queue
[2026-09-23T00:34:43.283+0000] {logging_mixin.py:190} INFO - [2026-09-23T00:34:43.279+0000] {dagbag.py:588} INFO - Filling up the DagBag from /opt/airflow/dags/dss150p_pipeline.py
[2026-09-23T00:34:43.506+0000] {processor.py:925} INFO - DAG(s) 'dss150p_sales_pipeline' retrieved from /opt/airflow/dags/dss150p_pipeline.py
[2026-09-23T00:34:43.668+0000] {logging_mixin.py:190} INFO - [2026-09-23T00:34:43.667+0000] {dag.py:3239} INFO - Sync 1 DAGs
[2026-09-23T00:34:43.823+0000] {processor.py:208} INFO - Processing /opt/airflow/dags/dss150p_pipeline.py took 0.691 seconds
[2026-09-23T00:35:14.566+0000] {processor.py:186} INFO - Started process (PID=766) to work on /opt/airflow/dags/dss150p_pipeline.py
[2026-09-23T00:35:14.614+0000] {processor.py:914} INFO - Processing file /opt/airflow/dags/dss150p_pipeline.py for tasks to queue
[2026-09-23T00:35:14.626+0000] {logging_mixin.py:190} INFO - [2026-09-23T00:35:14.624+0000] {dagbag.py:588} INFO - Filling up the DagBag from /opt/airflow/dags/dss150p_pipeline.py
[2026-09-23T00:35:14.719+0000] {processor.py:925} INFO - DAG(s) 'dss150p_sales_pipeline' retrieved from /opt/airflow/dags/dss150p_pipeline.py
[2026-09-23T00:35:14.820+0000] {logging_mixin.py:190} INFO - [2026-09-23T00:35:14.820+0000] {dag.py:3239} INFO - Sync 1 DAGs
[2026-09-23T00:35:14.981+0000] {processor.py:208} INFO - Processing /opt/airflow/dags/dss150p_pipeline.py took 0.429 seconds
[2026-09-23T00:35:45.780+0000] {processor.py:186} INFO - Started process (PID=771) to work on /opt/airflow/dags/dss150p_pipeline.py
[2026-09-23T00:35:45.785+0000] {processor.py:914} INFO - Processing file /opt/airflow/dags/dss150p_pipeline.py for tasks to queue
[2026-09-23T00:35:45.809+0000] {logging_mixin.py:190} INFO - [2026-09-23T00:35:45.806+0000] {dagbag.py:588} INFO - Filling up the DagBag from /opt/airflow/dags/dss150p_pipeline.py
[2026-09-23T00:35:45.927+0000] {processor.py:925} INFO - DAG(s) 'dss150p_sales_pipeline' retrieved from /opt/airflow/dags/dss150p_pipeline.py
[2026-09-23T00:35:46.082+0000] {logging_mixin.py:190} INFO - [2026-09-23T00:35:46.081+0000] {dag.py:3239} INFO - Sync 1 DAGs
[2026-09-23T00:35:46.213+0000] {processor.py:208} INFO - Processing /opt/airflow/dags/dss150p_pipeline.py took 0.477 seconds
[2026-09-23T00:36:16.491+0000] {processor.py:186} INFO - Started process (PID=776) to work on /opt/airflow/dags/dss150p_pipeline.py
[2026-09-23T00:36:16.495+0000] {processor.py:914} INFO - Processing file /opt/airflow/dags/dss150p_pipeline.py for tasks to queue
[2026-09-23T00:36:16.511+0000] {logging_mixin.py:190} INFO - [2026-09-23T00:36:16.509+0000] {dagbag.py:588} INFO - Filling up the DagBag from /opt/airflow/dags/dss150p_pipeline.py
[2026-09-23T00:36:16.732+0000] {processor.py:925} INFO - DAG(s) 'dss150p_sales_pipeline' retrieved from /opt/airflow/dags/dss150p_pipeline.py
[2026-09-23T00:36:16.878+0000] {logging_mixin.py:190} INFO - [2026-09-23T00:36:16.878+0000] {dag.py:3239} INFO - Sync 1 DAGs
[2026-09-23T00:36:17.014+0000] {processor.py:208} INFO - Processing /opt/airflow/dags/dss150p_pipeline.py took 0.575 seconds
[2026-09-23T00:36:47.169+0000] {processor.py:186} INFO - Started process (PID=781) to work on /opt/airflow/dags/dss150p_pipeline.py
[2026-09-23T00:36:47.174+0000] {processor.py:914} INFO - Processing file /opt/airflow/dags/dss150p_pipeline.py for tasks to queue
[2026-09-23T00:36:47.181+0000] {logging_mixin.py:190} INFO - [2026-09-23T00:36:47.181+0000] {dagbag.py:588} INFO - Filling up the DagBag from /opt/airflow/dags/dss150p_pipeline.py
[2026-09-23T00:36:47.230+0000] {processor.py:925} INFO - DAG(s) 'dss150p_sales_pipeline' retrieved from /opt/airflow/dags/dss150p_pipeline.py
[2026-09-23T00:36:47.285+0000] {logging_mixin.py:190} INFO - [2026-09-23T00:36:47.285+0000] {dag.py:3239} INFO - Sync 1 DAGs
[2026-09-23T00:36:47.339+0000] {processor.py:208} INFO - Processing /opt/airflow/dags/dss150p_pipeline.py took 0.219 seconds
[2026-09-23T00:37:17.513+0000] {processor.py:186} INFO - Started process (PID=786) to work on /opt/airflow/dags/dss150p_pipeline.py
[2026-09-23T00:37:17.516+0000] {processor.py:914} INFO - Processing file /opt/airflow/dags/dss150p_pipeline.py for tasks to queue
[2026-09-23T00:37:17.522+0000] {logging_mixin.py:190} INFO - [2026-09-23T00:37:17.521+0000] {dagbag.py:588} INFO - Filling up the DagBag from /opt/airflow/dags/dss150p_pipeline.py
[2026-09-23T00:37:17.564+0000] {processor.py:925} INFO - DAG(s) 'dss150p_sales_pipeline' retrieved from /opt/airflow/dags/dss150p_pipeline.py
[2026-09-23T00:37:17.648+0000] {logging_mixin.py:190} INFO - [2026-09-23T00:37:17.648+0000] {dag.py:3239} INFO - Sync 1 DAGs
[2026-09-23T00:37:17.731+0000] {processor.py:208} INFO - Processing /opt/airflow/dags/dss150p_pipeline.py took 0.230 seconds
[2026-09-23T00:37:47.915+0000] {processor.py:186} INFO - Started process (PID=791) to work on /opt/airflow/dags/dss150p_pipeline.py
[2026-09-23T00:37:47.919+0000] {processor.py:914} INFO - Processing file /opt/airflow/dags/dss150p_pipeline.py for tasks to queue
[2026-09-23T00:37:47.925+0000] {logging_mixin.py:190} INFO - [2026-09-23T00:37:47.925+0000] {dagbag.py:588} INFO - Filling up the DagBag from /opt/airflow/dags/dss150p_pipeline.py
[2026-09-23T00:37:47.984+0000] {processor.py:925} INFO - DAG(s) 'dss150p_sales_pipeline' retrieved from /opt/airflow/dags/dss150p_pipeline.py
[2026-09-23T00:37:48.090+0000] {logging_mixin.py:190} INFO - [2026-09-23T00:37:48.090+0000] {dag.py:3239} INFO - Sync 1 DAGs
[2026-09-23T00:37:48.196+0000] {processor.py:208} INFO - Processing /opt/airflow/dags/dss150p_pipeline.py took 0.301 seconds
[2026-09-23T00:38:18.571+0000] {processor.py:186} INFO - Started process (PID=796) to work on /opt/airflow/dags/dss150p_pipeline.py
[2026-09-23T00:38:18.574+0000] {processor.py:914} INFO - Processing file /opt/airflow/dags/dss150p_pipeline.py for tasks to queue
[2026-09-23T00:38:18.579+0000] {logging_mixin.py:190} INFO - [2026-09-23T00:38:18.578+0000] {dagbag.py:588} INFO - Filling up the DagBag from /opt/airflow/dags/dss150p_pipeline.py
[2026-09-23T00:38:18.681+0000] {processor.py:925} INFO - DAG(s) 'dss150p_sales_pipeline' retrieved from /opt/airflow/dags/dss150p_pipeline.py
[2026-09-23T00:38:18.772+0000] {logging_mixin.py:190} INFO - [2026-09-23T00:38:18.772+0000] {dag.py:3239} INFO - Sync 1 DAGs
[2026-09-23T00:38:18.940+0000] {processor.py:208} INFO - Processing /opt/airflow/dags/dss150p_pipeline.py took 0.379 seconds
[2026-09-23T00:38:49.126+0000] {processor.py:186} INFO - Started process (PID=801) to work on /opt/airflow/dags/dss150p_pipeline.py
[2026-09-23T00:38:49.130+0000] {processor.py:914} INFO - Processing file /opt/airflow/dags/dss150p_pipeline.py for tasks to queue
[2026-09-23T00:38:49.137+0000] {logging_mixin.py:190} INFO - [2026-09-23T00:38:49.136+0000] {dagbag.py:588} INFO - Filling up the DagBag from /opt/airflow/dags/dss150p_pipeline.py
[2026-09-23T00:38:49.184+0000] {processor.py:925} INFO - DAG(s) 'dss150p_sales_pipeline' retrieved from /opt/airflow/dags/dss150p_pipeline.py
[2026-09-23T00:38:49.313+0000] {logging_mixin.py:190} INFO - [2026-09-23T00:38:49.313+0000] {dag.py:3239} INFO - Sync 1 DAGs
[2026-09-23T00:38:49.403+0000] {processor.py:208} INFO - Processing /opt/airflow/dags/dss150p_pipeline.py took 0.297 seconds
[2026-09-23T00:39:19.943+0000] {processor.py:186} INFO - Started process (PID=806) to work on /opt/airflow/dags/dss150p_pipeline.py
[2026-09-23T00:39:19.947+0000] {processor.py:914} INFO - Processing file /opt/airflow/dags/dss150p_pipeline.py for tasks to queue
[2026-09-23T00:39:19.960+0000] {logging_mixin.py:190} INFO - [2026-09-23T00:39:19.959+0000] {dagbag.py:588} INFO - Filling up the DagBag from /opt/airflow/dags/dss150p_pipeline.py
[2026-09-23T00:39:20.072+0000] {processor.py:925} INFO - DAG(s) 'dss150p_sales_pipeline' retrieved from /opt/airflow/dags/dss150p_pipeline.py
[2026-09-23T00:39:20.254+0000] {logging_mixin.py:190} INFO - [2026-09-23T00:39:20.254+0000] {dag.py:3239} INFO - Sync 1 DAGs
[2026-09-23T00:39:20.410+0000] {processor.py:208} INFO - Processing /opt/airflow/dags/dss150p_pipeline.py took 0.494 seconds
[2026-09-23T00:39:51.182+0000] {processor.py:186} INFO - Started process (PID=823) to work on /opt/airflow/dags/dss150p_pipeline.py
[2026-09-23T00:39:51.205+0000] {processor.py:914} INFO - Processing file /opt/airflow/dags/dss150p_pipeline.py for tasks to queue
[2026-09-23T00:39:51.244+0000] {logging_mixin.py:190} INFO - [2026-09-23T00:39:51.241+0000] {dagbag.py:588} INFO - Filling up the DagBag from /opt/airflow/dags/dss150p_pipeline.py
[2026-09-23T00:39:51.379+0000] {processor.py:925} INFO - DAG(s) 'dss150p_sales_pipeline' retrieved from /opt/airflow/dags/dss150p_pipeline.py
[2026-09-23T00:39:51.545+0000] {logging_mixin.py:190} INFO - [2026-09-23T00:39:51.545+0000] {dag.py:3239} INFO - Sync 1 DAGs
[2026-09-23T00:39:51.811+0000] {processor.py:208} INFO - Processing /opt/airflow/dags/dss150p_pipeline.py took 0.704 seconds
[2026-09-23T00:40:22.405+0000] {processor.py:186} INFO - Started process (PID=828) to work on /opt/airflow/dags/dss150p_pipeline.py
[2026-09-23T00:40:22.408+0000] {processor.py:914} INFO - Processing file /opt/airflow/dags/dss150p_pipeline.py for tasks to queue
[2026-09-23T00:40:22.417+0000] {logging_mixin.py:190} INFO - [2026-09-23T00:40:22.416+0000] {dagbag.py:588} INFO - Filling up the DagBag from /opt/airflow/dags/dss150p_pipeline.py
[2026-09-23T00:40:22.529+0000] {processor.py:925} INFO - DAG(s) 'dss150p_sales_pipeline' retrieved from /opt/airflow/dags/dss150p_pipeline.py
[2026-09-23T00:40:22.695+0000] {logging_mixin.py:190} INFO - [2026-09-23T00:40:22.695+0000] {dag.py:3239} INFO - Sync 1 DAGs
[2026-09-23T00:40:22.830+0000] {processor.py:208} INFO - Processing /opt/airflow/dags/dss150p_pipeline.py took 0.440 seconds
[2026-09-23T00:40:53.497+0000] {processor.py:186} INFO - Started process (PID=833) to work on /opt/airflow/dags/dss150p_pipeline.py
[2026-09-23T00:40:53.506+0000] {processor.py:914} INFO - Processing file /opt/airflow/dags/dss150p_pipeline.py for tasks to queue
[2026-09-23T00:40:53.514+0000] {logging_mixin.py:190} INFO - [2026-09-23T00:40:53.513+0000] {dagbag.py:588} INFO - Filling up the DagBag from /opt/airflow/dags/dss150p_pipeline.py
[2026-09-23T00:40:53.599+0000] {processor.py:925} INFO - DAG(s) 'dss150p_sales_pipeline' retrieved from /opt/airflow/dags/dss150p_pipeline.py
[2026-09-23T00:40:53.728+0000] {logging_mixin.py:190} INFO - [2026-09-23T00:40:53.728+0000] {dag.py:3239} INFO - Sync 1 DAGs
[2026-09-23T00:40:53.907+0000] {processor.py:208} INFO - Processing /opt/airflow/dags/dss150p_pipeline.py took 0.476 seconds
[2026-09-23T00:41:24.419+0000] {processor.py:186} INFO - Started process (PID=838) to work on /opt/airflow/dags/dss150p_pipeline.py
[2026-09-23T00:41:24.470+0000] {processor.py:914} INFO - Processing file /opt/airflow/dags/dss150p_pipeline.py for tasks to queue
[2026-09-23T00:41:24.483+0000] {logging_mixin.py:190} INFO - [2026-09-23T00:41:24.481+0000] {dagbag.py:588} INFO - Filling up the DagBag from /opt/airflow/dags/dss150p_pipeline.py
[2026-09-23T00:41:24.580+0000] {processor.py:925} INFO - DAG(s) 'dss150p_sales_pipeline' retrieved from /opt/airflow/dags/dss150p_pipeline.py
[2026-09-23T00:41:24.718+0000] {logging_mixin.py:190} INFO - [2026-09-23T00:41:24.717+0000] {dag.py:3239} INFO - Sync 1 DAGs
[2026-09-23T00:41:24.836+0000] {processor.py:208} INFO - Processing /opt/airflow/dags/dss150p_pipeline.py took 0.435 seconds
[2026-09-23T00:41:55.259+0000] {processor.py:186} INFO - Started process (PID=843) to work on /opt/airflow/dags/dss150p_pipeline.py
[2026-09-23T00:41:55.267+0000] {processor.py:914} INFO - Processing file /opt/airflow/dags/dss150p_pipeline.py for tasks to queue
[2026-09-23T00:41:55.279+0000] {logging_mixin.py:190} INFO - [2026-09-23T00:41:55.279+0000] {dagbag.py:588} INFO - Filling up the DagBag from /opt/airflow/dags/dss150p_pipeline.py
[2026-09-23T00:41:55.365+0000] {processor.py:925} INFO - DAG(s) 'dss150p_sales_pipeline' retrieved from /opt/airflow/dags/dss150p_pipeline.py
[2026-09-23T00:41:55.505+0000] {logging_mixin.py:190} INFO - [2026-09-23T00:41:55.504+0000] {dag.py:3239} INFO - Sync 1 DAGs
[2026-09-23T00:41:55.656+0000] {processor.py:208} INFO - Processing /opt/airflow/dags/dss150p_pipeline.py took 0.413 seconds
[2026-09-23T00:42:26.197+0000] {processor.py:186} INFO - Started process (PID=848) to work on /opt/airflow/dags/dss150p_pipeline.py
[2026-09-23T00:42:26.237+0000] {processor.py:914} INFO - Processing file /opt/airflow/dags/dss150p_pipeline.py for tasks to queue
[2026-09-23T00:42:26.245+0000] {logging_mixin.py:190} INFO - [2026-09-23T00:42:26.245+0000] {dagbag.py:588} INFO - Filling up the DagBag from /opt/airflow/dags/dss150p_pipeline.py
[2026-09-23T00:42:26.340+0000] {processor.py:925} INFO - DAG(s) 'dss150p_sales_pipeline' retrieved from /opt/airflow/dags/dss150p_pipeline.py
[2026-09-23T00:42:26.502+0000] {logging_mixin.py:190} INFO - [2026-09-23T00:42:26.501+0000] {dag.py:3239} INFO - Sync 1 DAGs
[2026-09-23T00:42:26.634+0000] {processor.py:208} INFO - Processing /opt/airflow/dags/dss150p_pipeline.py took 0.451 seconds
[2026-09-23T00:42:57.261+0000] {processor.py:186} INFO - Started process (PID=853) to work on /opt/airflow/dags/dss150p_pipeline.py
[2026-09-23T00:42:57.268+0000] {processor.py:914} INFO - Processing file /opt/airflow/dags/dss150p_pipeline.py for tasks to queue
[2026-09-23T00:42:57.278+0000] {logging_mixin.py:190} INFO - [2026-09-23T00:42:57.277+0000] {dagbag.py:588} INFO - Filling up the DagBag from /opt/airflow/dags/dss150p_pipeline.py
[2026-09-23T00:42:57.359+0000] {processor.py:925} INFO - DAG(s) 'dss150p_sales_pipeline' retrieved from /opt/airflow/dags/dss150p_pipeline.py
[2026-09-23T00:42:57.472+0000] {logging_mixin.py:190} INFO - [2026-09-23T00:42:57.472+0000] {dag.py:3239} INFO - Sync 1 DAGs
[2026-09-23T00:42:57.617+0000] {processor.py:208} INFO - Processing /opt/airflow/dags/dss150p_pipeline.py took 0.392 seconds
[2026-09-23T00:43:28.056+0000] {processor.py:186} INFO - Started process (PID=858) to work on /opt/airflow/dags/dss150p_pipeline.py
[2026-09-23T00:43:28.059+0000] {processor.py:914} INFO - Processing file /opt/airflow/dags/dss150p_pipeline.py for tasks to queue
[2026-09-23T00:43:28.064+0000] {logging_mixin.py:190} INFO - [2026-09-23T00:43:28.064+0000] {dagbag.py:588} INFO - Filling up the DagBag from /opt/airflow/dags/dss150p_pipeline.py
[2026-09-23T00:43:28.157+0000] {processor.py:925} INFO - DAG(s) 'dss150p_sales_pipeline' retrieved from /opt/airflow/dags/dss150p_pipeline.py
[2026-09-23T00:43:28.266+0000] {logging_mixin.py:190} INFO - [2026-09-23T00:43:28.266+0000] {dag.py:3239} INFO - Sync 1 DAGs
[2026-09-23T00:43:28.380+0000] {processor.py:208} INFO - Processing /opt/airflow/dags/dss150p_pipeline.py took 0.336 seconds
[2026-09-23T00:43:58.729+0000] {processor.py:186} INFO - Started process (PID=863) to work on /opt/airflow/dags/dss150p_pipeline.py
[2026-09-23T00:43:58.736+0000] {processor.py:914} INFO - Processing file /opt/airflow/dags/dss150p_pipeline.py for tasks to queue
[2026-09-23T00:43:58.761+0000] {logging_mixin.py:190} INFO - [2026-09-23T00:43:58.757+0000] {dagbag.py:588} INFO - Filling up the DagBag from /opt/airflow/dags/dss150p_pipeline.py
[2026-09-23T00:43:58.968+0000] {processor.py:925} INFO - DAG(s) 'dss150p_sales_pipeline' retrieved from /opt/airflow/dags/dss150p_pipeline.py
[2026-09-23T00:43:59.233+0000] {logging_mixin.py:190} INFO - [2026-09-23T00:43:59.233+0000] {dag.py:3239} INFO - Sync 1 DAGs
[2026-09-23T00:43:59.557+0000] {processor.py:208} INFO - Processing /opt/airflow/dags/dss150p_pipeline.py took 0.879 seconds
[2026-09-23T00:44:30.252+0000] {processor.py:186} INFO - Started process (PID=868) to work on /opt/airflow/dags/dss150p_pipeline.py
[2026-09-23T00:44:30.259+0000] {processor.py:914} INFO - Processing file /opt/airflow/dags/dss150p_pipeline.py for tasks to queue
[2026-09-23T00:44:30.283+0000] {logging_mixin.py:190} INFO - [2026-09-23T00:44:30.281+0000] {dagbag.py:588} INFO - Filling up the DagBag from /opt/airflow/dags/dss150p_pipeline.py
[2026-09-23T00:44:30.416+0000] {processor.py:925} INFO - DAG(s) 'dss150p_sales_pipeline' retrieved from /opt/airflow/dags/dss150p_pipeline.py
[2026-09-23T00:44:30.567+0000] {logging_mixin.py:190} INFO - [2026-09-23T00:44:30.566+0000] {dag.py:3239} INFO - Sync 1 DAGs
[2026-09-23T00:44:30.758+0000] {processor.py:208} INFO - Processing /opt/airflow/dags/dss150p_pipeline.py took 0.580 seconds
[2026-09-23T00:45:00.958+0000] {processor.py:186} INFO - Started process (PID=897) to work on /opt/airflow/dags/dss150p_pipeline.py
[2026-09-23T00:45:00.961+0000] {processor.py:914} INFO - Processing file /opt/airflow/dags/dss150p_pipeline.py for tasks to queue
[2026-09-23T00:45:00.972+0000] {logging_mixin.py:190} INFO - [2026-09-23T00:45:00.971+0000] {dagbag.py:588} INFO - Filling up the DagBag from /opt/airflow/dags/dss150p_pipeline.py
[2026-09-23T00:45:01.021+0000] {processor.py:925} INFO - DAG(s) 'dss150p_sales_pipeline' retrieved from /opt/airflow/dags/dss150p_pipeline.py
[2026-09-23T00:45:01.116+0000] {logging_mixin.py:190} INFO - [2026-09-23T00:45:01.115+0000] {dag.py:3239} INFO - Sync 1 DAGs
[2026-09-23T00:45:01.180+0000] {processor.py:208} INFO - Processing /opt/airflow/dags/dss150p_pipeline.py took 0.254 seconds
[2026-09-23T00:45:31.499+0000] {processor.py:186} INFO - Started process (PID=902) to work on /opt/airflow/dags/dss150p_pipeline.py
[2026-09-23T00:45:31.505+0000] {processor.py:914} INFO - Processing file /opt/airflow/dags/dss150p_pipeline.py for tasks to queue
[2026-09-23T00:45:31.548+0000] {logging_mixin.py:190} INFO - [2026-09-23T00:45:31.524+0000] {dagbag.py:588} INFO - Filling up the DagBag from /opt/airflow/dags/dss150p_pipeline.py
[2026-09-23T00:45:31.679+0000] {processor.py:925} INFO - DAG(s) 'dss150p_sales_pipeline' retrieved from /opt/airflow/dags/dss150p_pipeline.py
[2026-09-23T00:45:31.788+0000] {logging_mixin.py:190} INFO - [2026-09-23T00:45:31.787+0000] {dag.py:3239} INFO - Sync 1 DAGs
[2026-09-23T00:45:31.871+0000] {processor.py:208} INFO - Processing /opt/airflow/dags/dss150p_pipeline.py took 0.389 seconds
[2026-09-23T00:46:02.495+0000] {processor.py:186} INFO - Started process (PID=907) to work on /opt/airflow/dags/dss150p_pipeline.py
[2026-09-23T00:46:02.503+0000] {processor.py:914} INFO - Processing file /opt/airflow/dags/dss150p_pipeline.py for tasks to queue
[2026-09-23T00:46:02.539+0000] {logging_mixin.py:190} INFO - [2026-09-23T00:46:02.535+0000] {dagbag.py:588} INFO - Filling up the DagBag from /opt/airflow/dags/dss150p_pipeline.py
[2026-09-23T00:46:02.710+0000] {processor.py:925} INFO - DAG(s) 'dss150p_sales_pipeline' retrieved from /opt/airflow/dags/dss150p_pipeline.py
[2026-09-23T00:46:02.904+0000] {logging_mixin.py:190} INFO - [2026-09-23T00:46:02.903+0000] {dag.py:3239} INFO - Sync 1 DAGs
[2026-09-23T00:46:03.133+0000] {processor.py:208} INFO - Processing /opt/airflow/dags/dss150p_pipeline.py took 0.728 seconds
[2026-09-23T00:46:33.608+0000] {processor.py:186} INFO - Started process (PID=912) to work on /opt/airflow/dags/dss150p_pipeline.py
[2026-09-23T00:46:33.627+0000] {processor.py:914} INFO - Processing file /opt/airflow/dags/dss150p_pipeline.py for tasks to queue
[2026-09-23T00:46:33.635+0000] {logging_mixin.py:190} INFO - [2026-09-23T00:46:33.634+0000] {dagbag.py:588} INFO - Filling up the DagBag from /opt/airflow/dags/dss150p_pipeline.py
[2026-09-23T00:46:33.674+0000] {processor.py:925} INFO - DAG(s) 'dss150p_sales_pipeline' retrieved from /opt/airflow/dags/dss150p_pipeline.py
[2026-09-23T00:46:33.747+0000] {logging_mixin.py:190} INFO - [2026-09-23T00:46:33.746+0000] {dag.py:3239} INFO - Sync 1 DAGs
[2026-09-23T00:46:33.928+0000] {processor.py:208} INFO - Processing /opt/airflow/dags/dss150p_pipeline.py took 0.331 seconds
[2026-09-23T00:47:04.385+0000] {processor.py:186} INFO - Started process (PID=917) to work on /opt/airflow/dags/dss150p_pipeline.py
[2026-09-23T00:47:04.387+0000] {processor.py:914} INFO - Processing file /opt/airflow/dags/dss150p_pipeline.py for tasks to queue
[2026-09-23T00:47:04.393+0000] {logging_mixin.py:190} INFO - [2026-09-23T00:47:04.393+0000] {dagbag.py:588} INFO - Filling up the DagBag from /opt/airflow/dags/dss150p_pipeline.py
[2026-09-23T00:47:04.448+0000] {processor.py:925} INFO - DAG(s) 'dss150p_sales_pipeline' retrieved from /opt/airflow/dags/dss150p_pipeline.py
[2026-09-23T00:47:04.525+0000] {logging_mixin.py:190} INFO - [2026-09-23T00:47:04.525+0000] {dag.py:3239} INFO - Sync 1 DAGs
[2026-09-23T00:47:04.626+0000] {processor.py:208} INFO - Processing /opt/airflow/dags/dss150p_pipeline.py took 0.256 seconds
[2026-09-23T00:47:34.877+0000] {processor.py:186} INFO - Started process (PID=922) to work on /opt/airflow/dags/dss150p_pipeline.py
[2026-09-23T00:47:34.882+0000] {processor.py:914} INFO - Processing file /opt/airflow/dags/dss150p_pipeline.py for tasks to queue
[2026-09-23T00:47:34.889+0000] {logging_mixin.py:190} INFO - [2026-09-23T00:47:34.889+0000] {dagbag.py:588} INFO - Filling up the DagBag from /opt/airflow/dags/dss150p_pipeline.py
[2026-09-23T00:47:34.944+0000] {processor.py:925} INFO - DAG(s) 'dss150p_sales_pipeline' retrieved from /opt/airflow/dags/dss150p_pipeline.py
[2026-09-23T00:47:35.024+0000] {logging_mixin.py:190} INFO - [2026-09-23T00:47:35.023+0000] {dag.py:3239} INFO - Sync 1 DAGs
[2026-09-23T00:47:35.115+0000] {processor.py:208} INFO - Processing /opt/airflow/dags/dss150p_pipeline.py took 0.261 seconds
[2026-09-23T00:48:05.495+0000] {processor.py:186} INFO - Started process (PID=927) to work on /opt/airflow/dags/dss150p_pipeline.py
[2026-09-23T00:48:05.498+0000] {processor.py:914} INFO - Processing file /opt/airflow/dags/dss150p_pipeline.py for tasks to queue
[2026-09-23T00:48:05.542+0000] {logging_mixin.py:190} INFO - [2026-09-23T00:48:05.540+0000] {dagbag.py:588} INFO - Filling up the DagBag from /opt/airflow/dags/dss150p_pipeline.py
[2026-09-23T00:48:05.650+0000] {processor.py:925} INFO - DAG(s) 'dss150p_sales_pipeline' retrieved from /opt/airflow/dags/dss150p_pipeline.py
[2026-09-23T00:48:05.792+0000] {logging_mixin.py:190} INFO - [2026-09-23T00:48:05.791+0000] {dag.py:3239} INFO - Sync 1 DAGs
[2026-09-23T00:48:05.917+0000] {processor.py:208} INFO - Processing /opt/airflow/dags/dss150p_pipeline.py took 0.440 seconds
[2026-09-23T00:48:36.356+0000] {processor.py:186} INFO - Started process (PID=932) to work on /opt/airflow/dags/dss150p_pipeline.py
[2026-09-23T00:48:36.360+0000] {processor.py:914} INFO - Processing file /opt/airflow/dags/dss150p_pipeline.py for tasks to queue
[2026-09-23T00:48:36.373+0000] {logging_mixin.py:190} INFO - [2026-09-23T00:48:36.372+0000] {dagbag.py:588} INFO - Filling up the DagBag from /opt/airflow/dags/dss150p_pipeline.py
[2026-09-23T00:48:36.419+0000] {processor.py:925} INFO - DAG(s) 'dss150p_sales_pipeline' retrieved from /opt/airflow/dags/dss150p_pipeline.py
[2026-09-23T00:48:36.522+0000] {logging_mixin.py:190} INFO - [2026-09-23T00:48:36.521+0000] {dag.py:3239} INFO - Sync 1 DAGs
[2026-09-23T00:48:36.606+0000] {processor.py:208} INFO - Processing /opt/airflow/dags/dss150p_pipeline.py took 0.269 seconds
[2026-09-23T00:49:06.863+0000] {processor.py:186} INFO - Started process (PID=937) to work on /opt/airflow/dags/dss150p_pipeline.py
[2026-09-23T00:49:06.865+0000] {processor.py:914} INFO - Processing file /opt/airflow/dags/dss150p_pipeline.py for tasks to queue
[2026-09-23T00:49:06.871+0000] {logging_mixin.py:190} INFO - [2026-09-23T00:49:06.871+0000] {dagbag.py:588} INFO - Filling up the DagBag from /opt/airflow/dags/dss150p_pipeline.py
[2026-09-23T00:49:06.911+0000] {processor.py:925} INFO - DAG(s) 'dss150p_sales_pipeline' retrieved from /opt/airflow/dags/dss150p_pipeline.py
[2026-09-23T00:49:07.010+0000] {logging_mixin.py:190} INFO - [2026-09-23T00:49:07.009+0000] {dag.py:3239} INFO - Sync 1 DAGs
[2026-09-23T00:49:07.101+0000] {processor.py:208} INFO - Processing /opt/airflow/dags/dss150p_pipeline.py took 0.248 seconds
[2026-09-23T00:49:37.836+0000] {processor.py:186} INFO - Started process (PID=942) to work on /opt/airflow/dags/dss150p_pipeline.py
[2026-09-23T00:49:37.841+0000] {processor.py:914} INFO - Processing file /opt/airflow/dags/dss150p_pipeline.py for tasks to queue
[2026-09-23T00:49:37.854+0000] {logging_mixin.py:190} INFO - [2026-09-23T00:49:37.853+0000] {dagbag.py:588} INFO - Filling up the DagBag from /opt/airflow/dags/dss150p_pipeline.py
[2026-09-23T00:49:37.942+0000] {processor.py:925} INFO - DAG(s) 'dss150p_sales_pipeline' retrieved from /opt/airflow/dags/dss150p_pipeline.py
[2026-09-23T00:49:38.087+0000] {logging_mixin.py:190} INFO - [2026-09-23T00:49:38.087+0000] {dag.py:3239} INFO - Sync 1 DAGs
[2026-09-23T00:49:38.264+0000] {processor.py:208} INFO - Processing /opt/airflow/dags/dss150p_pipeline.py took 0.466 seconds
[2026-09-23T00:50:09.280+0000] {processor.py:186} INFO - Started process (PID=959) to work on /opt/airflow/dags/dss150p_pipeline.py
[2026-09-23T00:50:09.297+0000] {processor.py:914} INFO - Processing file /opt/airflow/dags/dss150p_pipeline.py for tasks to queue
[2026-09-23T00:50:09.324+0000] {logging_mixin.py:190} INFO - [2026-09-23T00:50:09.319+0000] {dagbag.py:588} INFO - Filling up the DagBag from /opt/airflow/dags/dss150p_pipeline.py
[2026-09-23T00:50:09.474+0000] {processor.py:925} INFO - DAG(s) 'dss150p_sales_pipeline' retrieved from /opt/airflow/dags/dss150p_pipeline.py
[2026-09-23T00:50:09.722+0000] {logging_mixin.py:190} INFO - [2026-09-23T00:50:09.722+0000] {dag.py:3239} INFO - Sync 1 DAGs
[2026-09-23T00:50:09.907+0000] {processor.py:208} INFO - Processing /opt/airflow/dags/dss150p_pipeline.py took 0.714 seconds
[2026-09-23T00:50:41.269+0000] {processor.py:186} INFO - Started process (PID=964) to work on /opt/airflow/dags/dss150p_pipeline.py
[2026-09-23T00:50:41.286+0000] {processor.py:914} INFO - Processing file /opt/airflow/dags/dss150p_pipeline.py for tasks to queue
[2026-09-23T00:50:41.352+0000] {logging_mixin.py:190} INFO - [2026-09-23T00:50:41.341+0000] {dagbag.py:588} INFO - Filling up the DagBag from /opt/airflow/dags/dss150p_pipeline.py
[2026-09-23T00:50:41.652+0000] {processor.py:925} INFO - DAG(s) 'dss150p_sales_pipeline' retrieved from /opt/airflow/dags/dss150p_pipeline.py
[2026-09-23T00:50:42.085+0000] {logging_mixin.py:190} INFO - [2026-09-23T00:50:42.084+0000] {dag.py:3239} INFO - Sync 1 DAGs
[2026-09-23T00:50:42.466+0000] {processor.py:208} INFO - Processing /opt/airflow/dags/dss150p_pipeline.py took 1.479 seconds
[2026-09-23T00:51:12.935+0000] {processor.py:186} INFO - Started process (PID=969) to work on /opt/airflow/dags/dss150p_pipeline.py
[2026-09-23T00:51:12.938+0000] {processor.py:914} INFO - Processing file /opt/airflow/dags/dss150p_pipeline.py for tasks to queue
[2026-09-23T00:51:12.944+0000] {logging_mixin.py:190} INFO - [2026-09-23T00:51:12.943+0000] {dagbag.py:588} INFO - Filling up the DagBag from /opt/airflow/dags/dss150p_pipeline.py
[2026-09-23T00:51:13.069+0000] {processor.py:925} INFO - DAG(s) 'dss150p_sales_pipeline' retrieved from /opt/airflow/dags/dss150p_pipeline.py
[2026-09-23T00:51:13.159+0000] {logging_mixin.py:190} INFO - [2026-09-23T00:51:13.158+0000] {dag.py:3239} INFO - Sync 1 DAGs
[2026-09-23T00:51:13.343+0000] {processor.py:208} INFO - Processing /opt/airflow/dags/dss150p_pipeline.py took 0.424 seconds
[2026-09-23T00:51:44.068+0000] {processor.py:186} INFO - Started process (PID=974) to work on /opt/airflow/dags/dss150p_pipeline.py
[2026-09-23T00:51:44.077+0000] {processor.py:914} INFO - Processing file /opt/airflow/dags/dss150p_pipeline.py for tasks to queue
[2026-09-23T00:51:44.095+0000] {logging_mixin.py:190} INFO - [2026-09-23T00:51:44.094+0000] {dagbag.py:588} INFO - Filling up the DagBag from /opt/airflow/dags/dss150p_pipeline.py
[2026-09-23T00:51:44.231+0000] {processor.py:925} INFO - DAG(s) 'dss150p_sales_pipeline' retrieved from /opt/airflow/dags/dss150p_pipeline.py
[2026-09-23T00:51:44.628+0000] {logging_mixin.py:190} INFO - [2026-09-23T00:51:44.627+0000] {dag.py:3239} INFO - Sync 1 DAGs
[2026-09-23T00:51:44.780+0000] {processor.py:208} INFO - Processing /opt/airflow/dags/dss150p_pipeline.py took 0.751 seconds
[2026-09-23T00:52:15.283+0000] {processor.py:186} INFO - Started process (PID=979) to work on /opt/airflow/dags/dss150p_pipeline.py
[2026-09-23T00:52:15.288+0000] {processor.py:914} INFO - Processing file /opt/airflow/dags/dss150p_pipeline.py for tasks to queue
[2026-09-23T00:52:15.295+0000] {logging_mixin.py:190} INFO - [2026-09-23T00:52:15.294+0000] {dagbag.py:588} INFO - Filling up the DagBag from /opt/airflow/dags/dss150p_pipeline.py
[2026-09-23T00:52:15.376+0000] {processor.py:925} INFO - DAG(s) 'dss150p_sales_pipeline' retrieved from /opt/airflow/dags/dss150p_pipeline.py
[2026-09-23T00:52:15.521+0000] {logging_mixin.py:190} INFO - [2026-09-23T00:52:15.521+0000] {dag.py:3239} INFO - Sync 1 DAGs
[2026-09-23T00:52:15.692+0000] {processor.py:208} INFO - Processing /opt/airflow/dags/dss150p_pipeline.py took 0.424 seconds
[2026-09-23T00:52:46.107+0000] {processor.py:186} INFO - Started process (PID=984) to work on /opt/airflow/dags/dss150p_pipeline.py
[2026-09-23T00:52:46.110+0000] {processor.py:914} INFO - Processing file /opt/airflow/dags/dss150p_pipeline.py for tasks to queue
[2026-09-23T00:52:46.122+0000] {logging_mixin.py:190} INFO - [2026-09-23T00:52:46.121+0000] {dagbag.py:588} INFO - Filling up the DagBag from /opt/airflow/dags/dss150p_pipeline.py
[2026-09-23T00:52:46.197+0000] {processor.py:925} INFO - DAG(s) 'dss150p_sales_pipeline' retrieved from /opt/airflow/dags/dss150p_pipeline.py
[2026-09-23T00:52:46.364+0000] {logging_mixin.py:190} INFO - [2026-09-23T00:52:46.364+0000] {dag.py:3239} INFO - Sync 1 DAGs
[2026-09-23T00:52:46.577+0000] {processor.py:208} INFO - Processing /opt/airflow/dags/dss150p_pipeline.py took 0.487 seconds
[2026-09-23T00:53:17.053+0000] {processor.py:186} INFO - Started process (PID=989) to work on /opt/airflow/dags/dss150p_pipeline.py
[2026-09-23T00:53:17.056+0000] {processor.py:914} INFO - Processing file /opt/airflow/dags/dss150p_pipeline.py for tasks to queue
[2026-09-23T00:53:17.065+0000] {logging_mixin.py:190} INFO - [2026-09-23T00:53:17.064+0000] {dagbag.py:588} INFO - Filling up the DagBag from /opt/airflow/dags/dss150p_pipeline.py
[2026-09-23T00:53:17.115+0000] {processor.py:925} INFO - DAG(s) 'dss150p_sales_pipeline' retrieved from /opt/airflow/dags/dss150p_pipeline.py
[2026-09-23T00:53:17.389+0000] {logging_mixin.py:190} INFO - [2026-09-23T00:53:17.388+0000] {dag.py:3239} INFO - Sync 1 DAGs
[2026-09-23T00:53:17.557+0000] {processor.py:208} INFO - Processing /opt/airflow/dags/dss150p_pipeline.py took 0.512 seconds
[2026-09-23T00:53:48.107+0000] {processor.py:186} INFO - Started process (PID=994) to work on /opt/airflow/dags/dss150p_pipeline.py
[2026-09-23T00:53:48.112+0000] {processor.py:914} INFO - Processing file /opt/airflow/dags/dss150p_pipeline.py for tasks to queue
[2026-09-23T00:53:48.131+0000] {logging_mixin.py:190} INFO - [2026-09-23T00:53:48.128+0000] {dagbag.py:588} INFO - Filling up the DagBag from /opt/airflow/dags/dss150p_pipeline.py
[2026-09-23T00:53:48.596+0000] {processor.py:925} INFO - DAG(s) 'dss150p_sales_pipeline' retrieved from /opt/airflow/dags/dss150p_pipeline.py
[2026-09-23T00:53:48.885+0000] {logging_mixin.py:190} INFO - [2026-09-23T00:53:48.884+0000] {dag.py:3239} INFO - Sync 1 DAGs
[2026-09-23T00:53:48.993+0000] {processor.py:208} INFO - Processing /opt/airflow/dags/dss150p_pipeline.py took 0.922 seconds
[2026-09-23T00:54:19.646+0000] {processor.py:186} INFO - Started process (PID=999) to work on /opt/airflow/dags/dss150p_pipeline.py
[2026-09-23T00:54:19.649+0000] {processor.py:914} INFO - Processing file /opt/airflow/dags/dss150p_pipeline.py for tasks to queue
[2026-09-23T00:54:19.664+0000] {logging_mixin.py:190} INFO - [2026-09-23T00:54:19.663+0000] {dagbag.py:588} INFO - Filling up the DagBag from /opt/airflow/dags/dss150p_pipeline.py
[2026-09-23T00:54:19.761+0000] {processor.py:925} INFO - DAG(s) 'dss150p_sales_pipeline' retrieved from /opt/airflow/dags/dss150p_pipeline.py
[2026-09-23T00:54:19.875+0000] {logging_mixin.py:190} INFO - [2026-09-23T00:54:19.875+0000] {dag.py:3239} INFO - Sync 1 DAGs
[2026-09-23T00:54:20.034+0000] {processor.py:208} INFO - Processing /opt/airflow/dags/dss150p_pipeline.py took 0.415 seconds
[2026-09-23T00:54:50.487+0000] {processor.py:186} INFO - Started process (PID=1004) to work on /opt/airflow/dags/dss150p_pipeline.py
[2026-09-23T00:54:50.490+0000] {processor.py:914} INFO - Processing file /opt/airflow/dags/dss150p_pipeline.py for tasks to queue
[2026-09-23T00:54:50.498+0000] {logging_mixin.py:190} INFO - [2026-09-23T00:54:50.497+0000] {dagbag.py:588} INFO - Filling up the DagBag from /opt/airflow/dags/dss150p_pipeline.py
[2026-09-23T00:54:50.544+0000] {processor.py:925} INFO - DAG(s) 'dss150p_sales_pipeline' retrieved from /opt/airflow/dags/dss150p_pipeline.py
[2026-09-23T00:54:50.629+0000] {logging_mixin.py:190} INFO - [2026-09-23T00:54:50.628+0000] {dag.py:3239} INFO - Sync 1 DAGs
[2026-09-23T00:54:50.737+0000] {processor.py:208} INFO - Processing /opt/airflow/dags/dss150p_pipeline.py took 0.297 seconds
[2026-09-23T00:55:20.959+0000] {processor.py:186} INFO - Started process (PID=1009) to work on /opt/airflow/dags/dss150p_pipeline.py
[2026-09-23T00:55:20.965+0000] {processor.py:914} INFO - Processing file /opt/airflow/dags/dss150p_pipeline.py for tasks to queue
[2026-09-23T00:55:20.997+0000] {logging_mixin.py:190} INFO - [2026-09-23T00:55:20.994+0000] {dagbag.py:588} INFO - Filling up the DagBag from /opt/airflow/dags/dss150p_pipeline.py
[2026-09-23T00:55:21.125+0000] {processor.py:925} INFO - DAG(s) 'dss150p_sales_pipeline' retrieved from /opt/airflow/dags/dss150p_pipeline.py
[2026-09-23T00:55:21.319+0000] {logging_mixin.py:190} INFO - [2026-09-23T00:55:21.317+0000] {dag.py:3239} INFO - Sync 1 DAGs
[2026-09-23T00:55:21.451+0000] {processor.py:208} INFO - Processing /opt/airflow/dags/dss150p_pipeline.py took 0.570 seconds
[2026-09-23T00:55:51.805+0000] {processor.py:186} INFO - Started process (PID=1014) to work on /opt/airflow/dags/dss150p_pipeline.py
[2026-09-23T00:55:51.809+0000] {processor.py:914} INFO - Processing file /opt/airflow/dags/dss150p_pipeline.py for tasks to queue
[2026-09-23T00:55:51.826+0000] {logging_mixin.py:190} INFO - [2026-09-23T00:55:51.823+0000] {dagbag.py:588} INFO - Filling up the DagBag from /opt/airflow/dags/dss150p_pipeline.py
[2026-09-23T00:55:51.969+0000] {processor.py:925} INFO - DAG(s) 'dss150p_sales_pipeline' retrieved from /opt/airflow/dags/dss150p_pipeline.py
[2026-09-23T00:55:52.061+0000] {logging_mixin.py:190} INFO - [2026-09-23T00:55:52.060+0000] {dag.py:3239} INFO - Sync 1 DAGs
[2026-09-23T00:55:52.179+0000] {processor.py:208} INFO - Processing /opt/airflow/dags/dss150p_pipeline.py took 0.403 seconds
[2026-09-23T00:56:22.607+0000] {processor.py:186} INFO - Started process (PID=1019) to work on /opt/airflow/dags/dss150p_pipeline.py
[2026-09-23T00:56:22.611+0000] {processor.py:914} INFO - Processing file /opt/airflow/dags/dss150p_pipeline.py for tasks to queue
[2026-09-23T00:56:22.621+0000] {logging_mixin.py:190} INFO - [2026-09-23T00:56:22.619+0000] {dagbag.py:588} INFO - Filling up the DagBag from /opt/airflow/dags/dss150p_pipeline.py
[2026-09-23T00:56:22.679+0000] {processor.py:925} INFO - DAG(s) 'dss150p_sales_pipeline' retrieved from /opt/airflow/dags/dss150p_pipeline.py
[2026-09-23T00:56:22.863+0000] {logging_mixin.py:190} INFO - [2026-09-23T00:56:22.862+0000] {dag.py:3239} INFO - Sync 1 DAGs
[2026-09-23T00:56:22.981+0000] {processor.py:208} INFO - Processing /opt/airflow/dags/dss150p_pipeline.py took 0.399 seconds
[2026-09-23T00:56:53.464+0000] {processor.py:186} INFO - Started process (PID=1024) to work on /opt/airflow/dags/dss150p_pipeline.py
[2026-09-23T00:56:53.469+0000] {processor.py:914} INFO - Processing file /opt/airflow/dags/dss150p_pipeline.py for tasks to queue
[2026-09-23T00:56:53.479+0000] {logging_mixin.py:190} INFO - [2026-09-23T00:56:53.478+0000] {dagbag.py:588} INFO - Filling up the DagBag from /opt/airflow/dags/dss150p_pipeline.py
[2026-09-23T00:56:53.731+0000] {processor.py:925} INFO - DAG(s) 'dss150p_sales_pipeline' retrieved from /opt/airflow/dags/dss150p_pipeline.py
[2026-09-23T00:56:53.915+0000] {logging_mixin.py:190} INFO - [2026-09-23T00:56:53.915+0000] {dag.py:3239} INFO - Sync 1 DAGs
[2026-09-23T00:56:54.011+0000] {processor.py:208} INFO - Processing /opt/airflow/dags/dss150p_pipeline.py took 0.567 seconds
[2026-09-23T00:57:24.575+0000] {processor.py:186} INFO - Started process (PID=1029) to work on /opt/airflow/dags/dss150p_pipeline.py
[2026-09-23T00:57:24.588+0000] {processor.py:914} INFO - Processing file /opt/airflow/dags/dss150p_pipeline.py for tasks to queue
[2026-09-23T00:57:24.612+0000] {logging_mixin.py:190} INFO - [2026-09-23T00:57:24.610+0000] {dagbag.py:588} INFO - Filling up the DagBag from /opt/airflow/dags/dss150p_pipeline.py
[2026-09-23T00:57:24.883+0000] {processor.py:925} INFO - DAG(s) 'dss150p_sales_pipeline' retrieved from /opt/airflow/dags/dss150p_pipeline.py
[2026-09-23T00:57:25.118+0000] {logging_mixin.py:190} INFO - [2026-09-23T00:57:25.108+0000] {dag.py:3239} INFO - Sync 1 DAGs
[2026-09-23T00:57:25.314+0000] {processor.py:208} INFO - Processing /opt/airflow/dags/dss150p_pipeline.py took 0.770 seconds
[2026-09-23T00:57:55.999+0000] {processor.py:186} INFO - Started process (PID=1034) to work on /opt/airflow/dags/dss150p_pipeline.py
[2026-09-23T00:57:56.005+0000] {processor.py:914} INFO - Processing file /opt/airflow/dags/dss150p_pipeline.py for tasks to queue
[2026-09-23T00:57:56.022+0000] {logging_mixin.py:190} INFO - [2026-09-23T00:57:56.020+0000] {dagbag.py:588} INFO - Filling up the DagBag from /opt/airflow/dags/dss150p_pipeline.py
[2026-09-23T00:57:56.173+0000] {processor.py:925} INFO - DAG(s) 'dss150p_sales_pipeline' retrieved from /opt/airflow/dags/dss150p_pipeline.py
[2026-09-23T00:57:56.387+0000] {logging_mixin.py:190} INFO - [2026-09-23T00:57:56.386+0000] {dag.py:3239} INFO - Sync 1 DAGs
[2026-09-23T00:57:56.838+0000] {processor.py:208} INFO - Processing /opt/airflow/dags/dss150p_pipeline.py took 0.904 seconds
[2026-09-23T00:58:27.474+0000] {processor.py:186} INFO - Started process (PID=1039) to work on /opt/airflow/dags/dss150p_pipeline.py
[2026-09-23T00:58:27.478+0000] {processor.py:914} INFO - Processing file /opt/airflow/dags/dss150p_pipeline.py for tasks to queue
[2026-09-23T00:58:27.492+0000] {logging_mixin.py:190} INFO - [2026-09-23T00:58:27.490+0000] {dagbag.py:588} INFO - Filling up the DagBag from /opt/airflow/dags/dss150p_pipeline.py
[2026-09-23T00:58:27.579+0000] {processor.py:925} INFO - DAG(s) 'dss150p_sales_pipeline' retrieved from /opt/airflow/dags/dss150p_pipeline.py
[2026-09-23T00:58:27.700+0000] {logging_mixin.py:190} INFO - [2026-09-23T00:58:27.700+0000] {dag.py:3239} INFO - Sync 1 DAGs
[2026-09-23T00:58:27.845+0000] {processor.py:208} INFO - Processing /opt/airflow/dags/dss150p_pipeline.py took 0.428 seconds
[2026-09-23T00:58:58.547+0000] {processor.py:186} INFO - Started process (PID=1044) to work on /opt/airflow/dags/dss150p_pipeline.py
[2026-09-23T00:58:58.558+0000] {processor.py:914} INFO - Processing file /opt/airflow/dags/dss150p_pipeline.py for tasks to queue
[2026-09-23T00:58:58.583+0000] {logging_mixin.py:190} INFO - [2026-09-23T00:58:58.581+0000] {dagbag.py:588} INFO - Filling up the DagBag from /opt/airflow/dags/dss150p_pipeline.py
[2026-09-23T00:58:58.704+0000] {processor.py:925} INFO - DAG(s) 'dss150p_sales_pipeline' retrieved from /opt/airflow/dags/dss150p_pipeline.py
[2026-09-23T00:58:58.829+0000] {logging_mixin.py:190} INFO - [2026-09-23T00:58:58.829+0000] {dag.py:3239} INFO - Sync 1 DAGs
[2026-09-23T00:58:58.955+0000] {processor.py:208} INFO - Processing /opt/airflow/dags/dss150p_pipeline.py took 0.466 seconds
[2026-09-23T00:59:29.415+0000] {processor.py:186} INFO - Started process (PID=1049) to work on /opt/airflow/dags/dss150p_pipeline.py
[2026-09-23T00:59:29.419+0000] {processor.py:914} INFO - Processing file /opt/airflow/dags/dss150p_pipeline.py for tasks to queue
[2026-09-23T00:59:29.430+0000] {logging_mixin.py:190} INFO - [2026-09-23T00:59:29.428+0000] {dagbag.py:588} INFO - Filling up the DagBag from /opt/airflow/dags/dss150p_pipeline.py
[2026-09-23T00:59:29.521+0000] {processor.py:925} INFO - DAG(s) 'dss150p_sales_pipeline' retrieved from /opt/airflow/dags/dss150p_pipeline.py
[2026-09-23T00:59:29.636+0000] {logging_mixin.py:190} INFO - [2026-09-23T00:59:29.635+0000] {dag.py:3239} INFO - Sync 1 DAGs
[2026-09-23T00:59:29.913+0000] {processor.py:208} INFO - Processing /opt/airflow/dags/dss150p_pipeline.py took 0.531 seconds
[2026-09-23T01:00:00.645+0000] {processor.py:186} INFO - Started process (PID=1054) to work on /opt/airflow/dags/dss150p_pipeline.py
[2026-09-23T01:00:00.650+0000] {processor.py:914} INFO - Processing file /opt/airflow/dags/dss150p_pipeline.py for tasks to queue
[2026-09-23T01:00:00.672+0000] {logging_mixin.py:190} INFO - [2026-09-23T01:00:00.668+0000] {dagbag.py:588} INFO - Filling up the DagBag from /opt/airflow/dags/dss150p_pipeline.py
[2026-09-23T01:00:00.861+0000] {processor.py:925} INFO - DAG(s) 'dss150p_sales_pipeline' retrieved from /opt/airflow/dags/dss150p_pipeline.py
[2026-09-23T01:00:00.989+0000] {logging_mixin.py:190} INFO - [2026-09-23T01:00:00.989+0000] {dag.py:3239} INFO - Sync 1 DAGs
[2026-09-23T01:00:01.159+0000] {processor.py:208} INFO - Processing /opt/airflow/dags/dss150p_pipeline.py took 0.555 seconds
[2026-09-23T01:00:31.648+0000] {processor.py:186} INFO - Started process (PID=1059) to work on /opt/airflow/dags/dss150p_pipeline.py
[2026-09-23T01:00:31.651+0000] {processor.py:914} INFO - Processing file /opt/airflow/dags/dss150p_pipeline.py for tasks to queue
[2026-09-23T01:00:31.656+0000] {logging_mixin.py:190} INFO - [2026-09-23T01:00:31.655+0000] {dagbag.py:588} INFO - Filling up the DagBag from /opt/airflow/dags/dss150p_pipeline.py
[2026-09-23T01:00:31.708+0000] {processor.py:925} INFO - DAG(s) 'dss150p_sales_pipeline' retrieved from /opt/airflow/dags/dss150p_pipeline.py
[2026-09-23T01:00:31.776+0000] {logging_mixin.py:190} INFO - [2026-09-23T01:00:31.775+0000] {dag.py:3239} INFO - Sync 1 DAGs
[2026-09-23T01:00:31.955+0000] {processor.py:208} INFO - Processing /opt/airflow/dags/dss150p_pipeline.py took 0.315 seconds
[2026-09-23T01:01:02.323+0000] {processor.py:186} INFO - Started process (PID=1064) to work on /opt/airflow/dags/dss150p_pipeline.py
[2026-09-23T01:01:02.326+0000] {processor.py:914} INFO - Processing file /opt/airflow/dags/dss150p_pipeline.py for tasks to queue
[2026-09-23T01:01:02.333+0000] {logging_mixin.py:190} INFO - [2026-09-23T01:01:02.331+0000] {dagbag.py:588} INFO - Filling up the DagBag from /opt/airflow/dags/dss150p_pipeline.py
[2026-09-23T01:01:02.404+0000] {processor.py:925} INFO - DAG(s) 'dss150p_sales_pipeline' retrieved from /opt/airflow/dags/dss150p_pipeline.py
[2026-09-23T01:01:02.518+0000] {logging_mixin.py:190} INFO - [2026-09-23T01:01:02.517+0000] {dag.py:3239} INFO - Sync 1 DAGs
[2026-09-23T01:01:02.702+0000] {processor.py:208} INFO - Processing /opt/airflow/dags/dss150p_pipeline.py took 0.400 seconds
[2026-09-23T01:01:32.993+0000] {processor.py:186} INFO - Started process (PID=1069) to work on /opt/airflow/dags/dss150p_pipeline.py
[2026-09-23T01:01:32.995+0000] {processor.py:914} INFO - Processing file /opt/airflow/dags/dss150p_pipeline.py for tasks to queue
[2026-09-23T01:01:33.000+0000] {logging_mixin.py:190} INFO - [2026-09-23T01:01:33.000+0000] {dagbag.py:588} INFO - Filling up the DagBag from /opt/airflow/dags/dss150p_pipeline.py
[2026-09-23T01:01:33.032+0000] {processor.py:925} INFO - DAG(s) 'dss150p_sales_pipeline' retrieved from /opt/airflow/dags/dss150p_pipeline.py
[2026-09-23T01:01:33.159+0000] {logging_mixin.py:190} INFO - [2026-09-23T01:01:33.159+0000] {dag.py:3239} INFO - Sync 1 DAGs
[2026-09-23T01:01:33.281+0000] {processor.py:208} INFO - Processing /opt/airflow/dags/dss150p_pipeline.py took 0.296 seconds
