[2026-09-22T17:15:10.410+0000] {processor.py:186} INFO - Started process (PID=167) to work on /opt/airflow/dags/dss150p_pipeline.py
[2026-09-22T17:15:10.414+0000] {processor.py:914} INFO - Processing file /opt/airflow/dags/dss150p_pipeline.py for tasks to queue
[2026-09-22T17:15:10.418+0000] {logging_mixin.py:190} INFO - [2026-09-22T17:15:10.417+0000] {dagbag.py:588} INFO - Filling up the DagBag from /opt/airflow/dags/dss150p_pipeline.py
[2026-09-22T17:15:10.500+0000] {processor.py:925} INFO - DAG(s) 'dss150p_sales_pipeline' retrieved from /opt/airflow/dags/dss150p_pipeline.py
[2026-09-22T17:15:11.193+0000] {logging_mixin.py:190} INFO - [2026-09-22T17:15:11.193+0000] {override.py:1912} INFO - Created Permission View: can read on DAG:dss150p_sales_pipeline
[2026-09-22T17:15:11.209+0000] {logging_mixin.py:190} INFO - [2026-09-22T17:15:11.208+0000] {override.py:1912} INFO - Created Permission View: can edit on DAG:dss150p_sales_pipeline
[2026-09-22T17:15:11.220+0000] {logging_mixin.py:190} INFO - [2026-09-22T17:15:11.219+0000] {override.py:1912} INFO - Created Permission View: can delete on DAG:dss150p_sales_pipeline
[2026-09-22T17:15:11.234+0000] {logging_mixin.py:190} INFO - [2026-09-22T17:15:11.234+0000] {override.py:1912} INFO - Created Permission View: can read on DAG Run:dss150p_sales_pipeline
[2026-09-22T17:15:11.249+0000] {logging_mixin.py:190} INFO - [2026-09-22T17:15:11.249+0000] {override.py:1912} INFO - Created Permission View: menu access on DAG Run:dss150p_sales_pipeline
[2026-09-22T17:15:11.262+0000] {logging_mixin.py:190} INFO - [2026-09-22T17:15:11.261+0000] {override.py:1912} INFO - Created Permission View: can create on DAG Run:dss150p_sales_pipeline
[2026-09-22T17:15:11.275+0000] {logging_mixin.py:190} INFO - [2026-09-22T17:15:11.274+0000] {override.py:1912} INFO - Created Permission View: can delete on DAG Run:dss150p_sales_pipeline
[2026-09-22T17:15:11.278+0000] {logging_mixin.py:190} INFO - [2026-09-22T17:15:11.277+0000] {dag.py:3239} INFO - Sync 1 DAGs
[2026-09-22T17:15:11.309+0000] {logging_mixin.py:190} INFO - [2026-09-22T17:15:11.309+0000] {dag.py:3262} INFO - Creating ORM DAG for dss150p_sales_pipeline
[2026-09-22T17:15:11.341+0000] {logging_mixin.py:190} INFO - [2026-09-22T17:15:11.341+0000] {dag.py:4180} INFO - Setting next_dagrun for dss150p_sales_pipeline to 2026-09-21 02:00:00+00:00, run_after=2026-09-22 02:00:00+00:00
[2026-09-22T17:15:11.395+0000] {processor.py:208} INFO - Processing /opt/airflow/dags/dss150p_pipeline.py took 1.004 seconds
[2026-09-22T17:15:42.130+0000] {processor.py:186} INFO - Started process (PID=172) to work on /opt/airflow/dags/dss150p_pipeline.py
[2026-09-22T17:15:42.138+0000] {processor.py:914} INFO - Processing file /opt/airflow/dags/dss150p_pipeline.py for tasks to queue
[2026-09-22T17:15:42.178+0000] {logging_mixin.py:190} INFO - [2026-09-22T17:15:42.171+0000] {dagbag.py:588} INFO - Filling up the DagBag from /opt/airflow/dags/dss150p_pipeline.py
[2026-09-22T17:15:42.378+0000] {processor.py:925} INFO - DAG(s) 'dss150p_sales_pipeline' retrieved from /opt/airflow/dags/dss150p_pipeline.py
[2026-09-22T17:15:42.634+0000] {logging_mixin.py:190} INFO - [2026-09-22T17:15:42.633+0000] {dag.py:3239} INFO - Sync 1 DAGs
[2026-09-22T17:15:42.735+0000] {logging_mixin.py:190} INFO - [2026-09-22T17:15:42.734+0000] {dag.py:4180} INFO - Setting next_dagrun for dss150p_sales_pipeline to 2026-09-21 02:00:00+00:00, run_after=2026-09-22 02:00:00+00:00
[2026-09-22T17:15:42.779+0000] {processor.py:208} INFO - Processing /opt/airflow/dags/dss150p_pipeline.py took 0.782 seconds
[2026-09-22T17:16:13.856+0000] {processor.py:186} INFO - Started process (PID=177) to work on /opt/airflow/dags/dss150p_pipeline.py
[2026-09-22T17:16:13.863+0000] {processor.py:914} INFO - Processing file /opt/airflow/dags/dss150p_pipeline.py for tasks to queue
[2026-09-22T17:16:13.905+0000] {logging_mixin.py:190} INFO - [2026-09-22T17:16:13.898+0000] {dagbag.py:588} INFO - Filling up the DagBag from /opt/airflow/dags/dss150p_pipeline.py
[2026-09-22T17:16:14.157+0000] {processor.py:925} INFO - DAG(s) 'dss150p_sales_pipeline' retrieved from /opt/airflow/dags/dss150p_pipeline.py
[2026-09-22T17:16:14.477+0000] {logging_mixin.py:190} INFO - [2026-09-22T17:16:14.477+0000] {dag.py:3239} INFO - Sync 1 DAGs
[2026-09-22T17:16:14.610+0000] {logging_mixin.py:190} INFO - [2026-09-22T17:16:14.609+0000] {dag.py:4180} INFO - Setting next_dagrun for dss150p_sales_pipeline to 2026-09-21 02:00:00+00:00, run_after=2026-09-22 02:00:00+00:00
[2026-09-22T17:16:14.682+0000] {processor.py:208} INFO - Processing /opt/airflow/dags/dss150p_pipeline.py took 0.927 seconds
[2026-09-22T17:16:44.967+0000] {processor.py:186} INFO - Started process (PID=182) to work on /opt/airflow/dags/dss150p_pipeline.py
[2026-09-22T17:16:44.971+0000] {processor.py:914} INFO - Processing file /opt/airflow/dags/dss150p_pipeline.py for tasks to queue
[2026-09-22T17:16:44.981+0000] {logging_mixin.py:190} INFO - [2026-09-22T17:16:44.980+0000] {dagbag.py:588} INFO - Filling up the DagBag from /opt/airflow/dags/dss150p_pipeline.py
[2026-09-22T17:16:45.029+0000] {processor.py:925} INFO - DAG(s) 'dss150p_sales_pipeline' retrieved from /opt/airflow/dags/dss150p_pipeline.py
[2026-09-22T17:16:45.106+0000] {logging_mixin.py:190} INFO - [2026-09-22T17:16:45.106+0000] {dag.py:3239} INFO - Sync 1 DAGs
[2026-09-22T17:16:45.144+0000] {logging_mixin.py:190} INFO - [2026-09-22T17:16:45.144+0000] {dag.py:4180} INFO - Setting next_dagrun for dss150p_sales_pipeline to 2026-09-21 02:00:00+00:00, run_after=2026-09-22 02:00:00+00:00
[2026-09-22T17:16:45.177+0000] {processor.py:208} INFO - Processing /opt/airflow/dags/dss150p_pipeline.py took 0.235 seconds
[2026-09-22T17:17:15.355+0000] {processor.py:186} INFO - Started process (PID=187) to work on /opt/airflow/dags/dss150p_pipeline.py
[2026-09-22T17:17:15.359+0000] {processor.py:914} INFO - Processing file /opt/airflow/dags/dss150p_pipeline.py for tasks to queue
[2026-09-22T17:17:15.365+0000] {logging_mixin.py:190} INFO - [2026-09-22T17:17:15.365+0000] {dagbag.py:588} INFO - Filling up the DagBag from /opt/airflow/dags/dss150p_pipeline.py
[2026-09-22T17:17:15.471+0000] {processor.py:925} INFO - DAG(s) 'dss150p_sales_pipeline' retrieved from /opt/airflow/dags/dss150p_pipeline.py
[2026-09-22T17:17:15.540+0000] {logging_mixin.py:190} INFO - [2026-09-22T17:17:15.540+0000] {dag.py:3239} INFO - Sync 1 DAGs
[2026-09-22T17:17:15.567+0000] {logging_mixin.py:190} INFO - [2026-09-22T17:17:15.566+0000] {dag.py:4180} INFO - Setting next_dagrun for dss150p_sales_pipeline to 2026-09-21 02:00:00+00:00, run_after=2026-09-22 02:00:00+00:00
[2026-09-22T17:17:15.592+0000] {processor.py:208} INFO - Processing /opt/airflow/dags/dss150p_pipeline.py took 0.246 seconds
[2026-09-22T17:17:45.919+0000] {processor.py:186} INFO - Started process (PID=192) to work on /opt/airflow/dags/dss150p_pipeline.py
[2026-09-22T17:17:45.924+0000] {processor.py:914} INFO - Processing file /opt/airflow/dags/dss150p_pipeline.py for tasks to queue
[2026-09-22T17:17:45.929+0000] {logging_mixin.py:190} INFO - [2026-09-22T17:17:45.928+0000] {dagbag.py:588} INFO - Filling up the DagBag from /opt/airflow/dags/dss150p_pipeline.py
[2026-09-22T17:17:46.041+0000] {processor.py:925} INFO - DAG(s) 'dss150p_sales_pipeline' retrieved from /opt/airflow/dags/dss150p_pipeline.py
[2026-09-22T17:17:46.230+0000] {logging_mixin.py:190} INFO - [2026-09-22T17:17:46.229+0000] {dag.py:3239} INFO - Sync 1 DAGs
[2026-09-22T17:17:46.334+0000] {logging_mixin.py:190} INFO - [2026-09-22T17:17:46.333+0000] {dag.py:4180} INFO - Setting next_dagrun for dss150p_sales_pipeline to 2026-09-21 02:00:00+00:00, run_after=2026-09-22 02:00:00+00:00
[2026-09-22T17:17:46.392+0000] {processor.py:208} INFO - Processing /opt/airflow/dags/dss150p_pipeline.py took 0.485 seconds
[2026-09-22T17:18:16.841+0000] {processor.py:186} INFO - Started process (PID=197) to work on /opt/airflow/dags/dss150p_pipeline.py
[2026-09-22T17:18:16.844+0000] {processor.py:914} INFO - Processing file /opt/airflow/dags/dss150p_pipeline.py for tasks to queue
[2026-09-22T17:18:16.861+0000] {logging_mixin.py:190} INFO - [2026-09-22T17:18:16.859+0000] {dagbag.py:588} INFO - Filling up the DagBag from /opt/airflow/dags/dss150p_pipeline.py
[2026-09-22T17:18:16.971+0000] {processor.py:925} INFO - DAG(s) 'dss150p_sales_pipeline' retrieved from /opt/airflow/dags/dss150p_pipeline.py
[2026-09-22T17:18:17.100+0000] {logging_mixin.py:190} INFO - [2026-09-22T17:18:17.099+0000] {dag.py:3239} INFO - Sync 1 DAGs
[2026-09-22T17:18:17.164+0000] {logging_mixin.py:190} INFO - [2026-09-22T17:18:17.163+0000] {dag.py:4180} INFO - Setting next_dagrun for dss150p_sales_pipeline to 2026-09-21 02:00:00+00:00, run_after=2026-09-22 02:00:00+00:00
[2026-09-22T17:18:17.207+0000] {processor.py:208} INFO - Processing /opt/airflow/dags/dss150p_pipeline.py took 0.390 seconds
[2026-09-22T17:18:47.716+0000] {processor.py:186} INFO - Started process (PID=202) to work on /opt/airflow/dags/dss150p_pipeline.py
[2026-09-22T17:18:47.732+0000] {processor.py:914} INFO - Processing file /opt/airflow/dags/dss150p_pipeline.py for tasks to queue
[2026-09-22T17:18:47.763+0000] {logging_mixin.py:190} INFO - [2026-09-22T17:18:47.761+0000] {dagbag.py:588} INFO - Filling up the DagBag from /opt/airflow/dags/dss150p_pipeline.py
[2026-09-22T17:18:47.863+0000] {processor.py:925} INFO - DAG(s) 'dss150p_sales_pipeline' retrieved from /opt/airflow/dags/dss150p_pipeline.py
[2026-09-22T17:18:47.985+0000] {logging_mixin.py:190} INFO - [2026-09-22T17:18:47.984+0000] {dag.py:3239} INFO - Sync 1 DAGs
[2026-09-22T17:18:48.037+0000] {logging_mixin.py:190} INFO - [2026-09-22T17:18:48.037+0000] {dag.py:4180} INFO - Setting next_dagrun for dss150p_sales_pipeline to 2026-09-21 02:00:00+00:00, run_after=2026-09-22 02:00:00+00:00
[2026-09-22T17:18:48.079+0000] {processor.py:208} INFO - Processing /opt/airflow/dags/dss150p_pipeline.py took 0.438 seconds
[2026-09-22T17:19:18.523+0000] {processor.py:186} INFO - Started process (PID=207) to work on /opt/airflow/dags/dss150p_pipeline.py
[2026-09-22T17:19:18.527+0000] {processor.py:914} INFO - Processing file /opt/airflow/dags/dss150p_pipeline.py for tasks to queue
[2026-09-22T17:19:18.536+0000] {logging_mixin.py:190} INFO - [2026-09-22T17:19:18.534+0000] {dagbag.py:588} INFO - Filling up the DagBag from /opt/airflow/dags/dss150p_pipeline.py
[2026-09-22T17:19:18.594+0000] {processor.py:925} INFO - DAG(s) 'dss150p_sales_pipeline' retrieved from /opt/airflow/dags/dss150p_pipeline.py
[2026-09-22T17:19:18.754+0000] {logging_mixin.py:190} INFO - [2026-09-22T17:19:18.754+0000] {dag.py:3239} INFO - Sync 1 DAGs
[2026-09-22T17:19:18.879+0000] {logging_mixin.py:190} INFO - [2026-09-22T17:19:18.878+0000] {dag.py:4180} INFO - Setting next_dagrun for dss150p_sales_pipeline to 2026-09-21 02:00:00+00:00, run_after=2026-09-22 02:00:00+00:00
[2026-09-22T17:19:18.950+0000] {processor.py:208} INFO - Processing /opt/airflow/dags/dss150p_pipeline.py took 0.439 seconds
[2026-09-22T17:19:49.483+0000] {processor.py:186} INFO - Started process (PID=212) to work on /opt/airflow/dags/dss150p_pipeline.py
[2026-09-22T17:19:49.491+0000] {processor.py:914} INFO - Processing file /opt/airflow/dags/dss150p_pipeline.py for tasks to queue
[2026-09-22T17:19:49.544+0000] {logging_mixin.py:190} INFO - [2026-09-22T17:19:49.540+0000] {dagbag.py:588} INFO - Filling up the DagBag from /opt/airflow/dags/dss150p_pipeline.py
[2026-09-22T17:19:49.758+0000] {processor.py:925} INFO - DAG(s) 'dss150p_sales_pipeline' retrieved from /opt/airflow/dags/dss150p_pipeline.py
[2026-09-22T17:19:49.975+0000] {logging_mixin.py:190} INFO - [2026-09-22T17:19:49.974+0000] {dag.py:3239} INFO - Sync 1 DAGs
[2026-09-22T17:19:50.101+0000] {logging_mixin.py:190} INFO - [2026-09-22T17:19:50.100+0000] {dag.py:4180} INFO - Setting next_dagrun for dss150p_sales_pipeline to 2026-09-21 02:00:00+00:00, run_after=2026-09-22 02:00:00+00:00
[2026-09-22T17:19:50.159+0000] {processor.py:208} INFO - Processing /opt/airflow/dags/dss150p_pipeline.py took 0.734 seconds
[2026-09-22T17:20:20.672+0000] {processor.py:186} INFO - Started process (PID=217) to work on /opt/airflow/dags/dss150p_pipeline.py
[2026-09-22T17:20:20.677+0000] {processor.py:914} INFO - Processing file /opt/airflow/dags/dss150p_pipeline.py for tasks to queue
[2026-09-22T17:20:20.686+0000] {logging_mixin.py:190} INFO - [2026-09-22T17:20:20.685+0000] {dagbag.py:588} INFO - Filling up the DagBag from /opt/airflow/dags/dss150p_pipeline.py
[2026-09-22T17:20:20.749+0000] {processor.py:925} INFO - DAG(s) 'dss150p_sales_pipeline' retrieved from /opt/airflow/dags/dss150p_pipeline.py
[2026-09-22T17:20:20.873+0000] {logging_mixin.py:190} INFO - [2026-09-22T17:20:20.872+0000] {dag.py:3239} INFO - Sync 1 DAGs
[2026-09-22T17:20:20.947+0000] {logging_mixin.py:190} INFO - [2026-09-22T17:20:20.946+0000] {dag.py:4180} INFO - Setting next_dagrun for dss150p_sales_pipeline to 2026-09-21 02:00:00+00:00, run_after=2026-09-22 02:00:00+00:00
[2026-09-22T17:20:20.988+0000] {processor.py:208} INFO - Processing /opt/airflow/dags/dss150p_pipeline.py took 0.331 seconds
[2026-09-22T17:20:51.167+0000] {processor.py:186} INFO - Started process (PID=222) to work on /opt/airflow/dags/dss150p_pipeline.py
[2026-09-22T17:20:51.173+0000] {processor.py:914} INFO - Processing file /opt/airflow/dags/dss150p_pipeline.py for tasks to queue
[2026-09-22T17:20:51.180+0000] {logging_mixin.py:190} INFO - [2026-09-22T17:20:51.179+0000] {dagbag.py:588} INFO - Filling up the DagBag from /opt/airflow/dags/dss150p_pipeline.py
[2026-09-22T17:20:51.269+0000] {processor.py:925} INFO - DAG(s) 'dss150p_sales_pipeline' retrieved from /opt/airflow/dags/dss150p_pipeline.py
[2026-09-22T17:20:51.380+0000] {logging_mixin.py:190} INFO - [2026-09-22T17:20:51.380+0000] {dag.py:3239} INFO - Sync 1 DAGs
[2026-09-22T17:20:51.431+0000] {logging_mixin.py:190} INFO - [2026-09-22T17:20:51.431+0000] {dag.py:4180} INFO - Setting next_dagrun for dss150p_sales_pipeline to 2026-09-21 02:00:00+00:00, run_after=2026-09-22 02:00:00+00:00
[2026-09-22T17:20:51.491+0000] {processor.py:208} INFO - Processing /opt/airflow/dags/dss150p_pipeline.py took 0.340 seconds
[2026-09-22T17:21:21.764+0000] {processor.py:186} INFO - Started process (PID=227) to work on /opt/airflow/dags/dss150p_pipeline.py
[2026-09-22T17:21:21.767+0000] {processor.py:914} INFO - Processing file /opt/airflow/dags/dss150p_pipeline.py for tasks to queue
[2026-09-22T17:21:21.772+0000] {logging_mixin.py:190} INFO - [2026-09-22T17:21:21.771+0000] {dagbag.py:588} INFO - Filling up the DagBag from /opt/airflow/dags/dss150p_pipeline.py
[2026-09-22T17:21:21.830+0000] {processor.py:925} INFO - DAG(s) 'dss150p_sales_pipeline' retrieved from /opt/airflow/dags/dss150p_pipeline.py
[2026-09-22T17:21:21.944+0000] {logging_mixin.py:190} INFO - [2026-09-22T17:21:21.943+0000] {dag.py:3239} INFO - Sync 1 DAGs
[2026-09-22T17:21:22.043+0000] {logging_mixin.py:190} INFO - [2026-09-22T17:21:22.043+0000] {dag.py:4180} INFO - Setting next_dagrun for dss150p_sales_pipeline to 2026-09-21 02:00:00+00:00, run_after=2026-09-22 02:00:00+00:00
[2026-09-22T17:21:22.133+0000] {processor.py:208} INFO - Processing /opt/airflow/dags/dss150p_pipeline.py took 0.384 seconds
[2026-09-22T17:21:52.364+0000] {processor.py:186} INFO - Started process (PID=232) to work on /opt/airflow/dags/dss150p_pipeline.py
[2026-09-22T17:21:52.369+0000] {processor.py:914} INFO - Processing file /opt/airflow/dags/dss150p_pipeline.py for tasks to queue
[2026-09-22T17:21:52.382+0000] {logging_mixin.py:190} INFO - [2026-09-22T17:21:52.380+0000] {dagbag.py:588} INFO - Filling up the DagBag from /opt/airflow/dags/dss150p_pipeline.py
[2026-09-22T17:21:52.432+0000] {processor.py:925} INFO - DAG(s) 'dss150p_sales_pipeline' retrieved from /opt/airflow/dags/dss150p_pipeline.py
[2026-09-22T17:21:52.655+0000] {logging_mixin.py:190} INFO - [2026-09-22T17:21:52.655+0000] {dag.py:3239} INFO - Sync 1 DAGs
[2026-09-22T17:21:52.736+0000] {logging_mixin.py:190} INFO - [2026-09-22T17:21:52.735+0000] {dag.py:4180} INFO - Setting next_dagrun for dss150p_sales_pipeline to 2026-09-21 02:00:00+00:00, run_after=2026-09-22 02:00:00+00:00
[2026-09-22T17:21:52.792+0000] {processor.py:208} INFO - Processing /opt/airflow/dags/dss150p_pipeline.py took 0.463 seconds
[2026-09-22T17:22:22.966+0000] {processor.py:186} INFO - Started process (PID=237) to work on /opt/airflow/dags/dss150p_pipeline.py
[2026-09-22T17:22:22.971+0000] {processor.py:914} INFO - Processing file /opt/airflow/dags/dss150p_pipeline.py for tasks to queue
[2026-09-22T17:22:22.977+0000] {logging_mixin.py:190} INFO - [2026-09-22T17:22:22.976+0000] {dagbag.py:588} INFO - Filling up the DagBag from /opt/airflow/dags/dss150p_pipeline.py
[2026-09-22T17:22:23.045+0000] {processor.py:925} INFO - DAG(s) 'dss150p_sales_pipeline' retrieved from /opt/airflow/dags/dss150p_pipeline.py
[2026-09-22T17:22:23.144+0000] {logging_mixin.py:190} INFO - [2026-09-22T17:22:23.143+0000] {dag.py:3239} INFO - Sync 1 DAGs
[2026-09-22T17:22:23.194+0000] {logging_mixin.py:190} INFO - [2026-09-22T17:22:23.194+0000] {dag.py:4180} INFO - Setting next_dagrun for dss150p_sales_pipeline to 2026-09-21 02:00:00+00:00, run_after=2026-09-22 02:00:00+00:00
[2026-09-22T17:22:23.253+0000] {processor.py:208} INFO - Processing /opt/airflow/dags/dss150p_pipeline.py took 0.302 seconds
[2026-09-22T17:22:53.582+0000] {processor.py:186} INFO - Started process (PID=242) to work on /opt/airflow/dags/dss150p_pipeline.py
[2026-09-22T17:22:53.591+0000] {processor.py:914} INFO - Processing file /opt/airflow/dags/dss150p_pipeline.py for tasks to queue
[2026-09-22T17:22:53.603+0000] {logging_mixin.py:190} INFO - [2026-09-22T17:22:53.603+0000] {dagbag.py:588} INFO - Filling up the DagBag from /opt/airflow/dags/dss150p_pipeline.py
[2026-09-22T17:22:53.739+0000] {processor.py:925} INFO - DAG(s) 'dss150p_sales_pipeline' retrieved from /opt/airflow/dags/dss150p_pipeline.py
[2026-09-22T17:22:53.927+0000] {logging_mixin.py:190} INFO - [2026-09-22T17:22:53.926+0000] {dag.py:3239} INFO - Sync 1 DAGs
[2026-09-22T17:22:53.993+0000] {logging_mixin.py:190} INFO - [2026-09-22T17:22:53.992+0000] {dag.py:4180} INFO - Setting next_dagrun for dss150p_sales_pipeline to 2026-09-21 02:00:00+00:00, run_after=2026-09-22 02:00:00+00:00
[2026-09-22T17:22:54.047+0000] {processor.py:208} INFO - Processing /opt/airflow/dags/dss150p_pipeline.py took 0.486 seconds
[2026-09-22T17:23:24.546+0000] {processor.py:186} INFO - Started process (PID=247) to work on /opt/airflow/dags/dss150p_pipeline.py
[2026-09-22T17:23:24.549+0000] {processor.py:914} INFO - Processing file /opt/airflow/dags/dss150p_pipeline.py for tasks to queue
[2026-09-22T17:23:24.560+0000] {logging_mixin.py:190} INFO - [2026-09-22T17:23:24.559+0000] {dagbag.py:588} INFO - Filling up the DagBag from /opt/airflow/dags/dss150p_pipeline.py
[2026-09-22T17:23:24.680+0000] {processor.py:925} INFO - DAG(s) 'dss150p_sales_pipeline' retrieved from /opt/airflow/dags/dss150p_pipeline.py
[2026-09-22T17:23:24.804+0000] {logging_mixin.py:190} INFO - [2026-09-22T17:23:24.803+0000] {dag.py:3239} INFO - Sync 1 DAGs
[2026-09-22T17:23:24.945+0000] {logging_mixin.py:190} INFO - [2026-09-22T17:23:24.944+0000] {dag.py:4180} INFO - Setting next_dagrun for dss150p_sales_pipeline to 2026-09-21 02:00:00+00:00, run_after=2026-09-22 02:00:00+00:00
[2026-09-22T17:23:24.983+0000] {processor.py:208} INFO - Processing /opt/airflow/dags/dss150p_pipeline.py took 0.452 seconds
[2026-09-22T17:23:55.395+0000] {processor.py:186} INFO - Started process (PID=252) to work on /opt/airflow/dags/dss150p_pipeline.py
[2026-09-22T17:23:55.401+0000] {processor.py:914} INFO - Processing file /opt/airflow/dags/dss150p_pipeline.py for tasks to queue
[2026-09-22T17:23:55.436+0000] {logging_mixin.py:190} INFO - [2026-09-22T17:23:55.433+0000] {dagbag.py:588} INFO - Filling up the DagBag from /opt/airflow/dags/dss150p_pipeline.py
[2026-09-22T17:23:55.506+0000] {processor.py:925} INFO - DAG(s) 'dss150p_sales_pipeline' retrieved from /opt/airflow/dags/dss150p_pipeline.py
[2026-09-22T17:23:55.583+0000] {logging_mixin.py:190} INFO - [2026-09-22T17:23:55.582+0000] {dag.py:3239} INFO - Sync 1 DAGs
[2026-09-22T17:23:55.617+0000] {logging_mixin.py:190} INFO - [2026-09-22T17:23:55.617+0000] {dag.py:4180} INFO - Setting next_dagrun for dss150p_sales_pipeline to 2026-09-21 02:00:00+00:00, run_after=2026-09-22 02:00:00+00:00
[2026-09-22T17:23:55.644+0000] {processor.py:208} INFO - Processing /opt/airflow/dags/dss150p_pipeline.py took 0.294 seconds
[2026-09-22T17:24:25.755+0000] {processor.py:186} INFO - Started process (PID=257) to work on /opt/airflow/dags/dss150p_pipeline.py
[2026-09-22T17:24:25.759+0000] {processor.py:914} INFO - Processing file /opt/airflow/dags/dss150p_pipeline.py for tasks to queue
[2026-09-22T17:24:25.769+0000] {logging_mixin.py:190} INFO - [2026-09-22T17:24:25.767+0000] {dagbag.py:588} INFO - Filling up the DagBag from /opt/airflow/dags/dss150p_pipeline.py
[2026-09-22T17:24:25.896+0000] {processor.py:925} INFO - DAG(s) 'dss150p_sales_pipeline' retrieved from /opt/airflow/dags/dss150p_pipeline.py
[2026-09-22T17:24:26.029+0000] {logging_mixin.py:190} INFO - [2026-09-22T17:24:26.028+0000] {dag.py:3239} INFO - Sync 1 DAGs
[2026-09-22T17:24:26.135+0000] {logging_mixin.py:190} INFO - [2026-09-22T17:24:26.134+0000] {dag.py:4180} INFO - Setting next_dagrun for dss150p_sales_pipeline to 2026-09-21 02:00:00+00:00, run_after=2026-09-22 02:00:00+00:00
[2026-09-22T17:24:26.230+0000] {processor.py:208} INFO - Processing /opt/airflow/dags/dss150p_pipeline.py took 0.491 seconds
[2026-09-22T17:24:56.388+0000] {processor.py:186} INFO - Started process (PID=262) to work on /opt/airflow/dags/dss150p_pipeline.py
[2026-09-22T17:24:56.391+0000] {processor.py:914} INFO - Processing file /opt/airflow/dags/dss150p_pipeline.py for tasks to queue
[2026-09-22T17:24:56.396+0000] {logging_mixin.py:190} INFO - [2026-09-22T17:24:56.396+0000] {dagbag.py:588} INFO - Filling up the DagBag from /opt/airflow/dags/dss150p_pipeline.py
[2026-09-22T17:24:56.509+0000] {processor.py:925} INFO - DAG(s) 'dss150p_sales_pipeline' retrieved from /opt/airflow/dags/dss150p_pipeline.py
[2026-09-22T17:24:56.610+0000] {logging_mixin.py:190} INFO - [2026-09-22T17:24:56.609+0000] {dag.py:3239} INFO - Sync 1 DAGs
[2026-09-22T17:24:56.666+0000] {logging_mixin.py:190} INFO - [2026-09-22T17:24:56.666+0000] {dag.py:4180} INFO - Setting next_dagrun for dss150p_sales_pipeline to 2026-09-21 02:00:00+00:00, run_after=2026-09-22 02:00:00+00:00
[2026-09-22T17:24:56.726+0000] {processor.py:208} INFO - Processing /opt/airflow/dags/dss150p_pipeline.py took 0.352 seconds
[2026-09-22T17:25:27.132+0000] {processor.py:186} INFO - Started process (PID=267) to work on /opt/airflow/dags/dss150p_pipeline.py
[2026-09-22T17:25:27.138+0000] {processor.py:914} INFO - Processing file /opt/airflow/dags/dss150p_pipeline.py for tasks to queue
[2026-09-22T17:25:27.149+0000] {logging_mixin.py:190} INFO - [2026-09-22T17:25:27.148+0000] {dagbag.py:588} INFO - Filling up the DagBag from /opt/airflow/dags/dss150p_pipeline.py
[2026-09-22T17:25:27.208+0000] {processor.py:925} INFO - DAG(s) 'dss150p_sales_pipeline' retrieved from /opt/airflow/dags/dss150p_pipeline.py
[2026-09-22T17:25:27.311+0000] {logging_mixin.py:190} INFO - [2026-09-22T17:25:27.311+0000] {dag.py:3239} INFO - Sync 1 DAGs
[2026-09-22T17:25:27.363+0000] {logging_mixin.py:190} INFO - [2026-09-22T17:25:27.363+0000] {dag.py:4180} INFO - Setting next_dagrun for dss150p_sales_pipeline to 2026-09-21 02:00:00+00:00, run_after=2026-09-22 02:00:00+00:00
[2026-09-22T17:25:27.403+0000] {processor.py:208} INFO - Processing /opt/airflow/dags/dss150p_pipeline.py took 0.290 seconds
[2026-09-22T17:25:57.638+0000] {processor.py:186} INFO - Started process (PID=272) to work on /opt/airflow/dags/dss150p_pipeline.py
[2026-09-22T17:25:57.641+0000] {processor.py:914} INFO - Processing file /opt/airflow/dags/dss150p_pipeline.py for tasks to queue
[2026-09-22T17:25:57.648+0000] {logging_mixin.py:190} INFO - [2026-09-22T17:25:57.648+0000] {dagbag.py:588} INFO - Filling up the DagBag from /opt/airflow/dags/dss150p_pipeline.py
[2026-09-22T17:25:57.701+0000] {processor.py:925} INFO - DAG(s) 'dss150p_sales_pipeline' retrieved from /opt/airflow/dags/dss150p_pipeline.py
[2026-09-22T17:25:57.796+0000] {logging_mixin.py:190} INFO - [2026-09-22T17:25:57.796+0000] {dag.py:3239} INFO - Sync 1 DAGs
[2026-09-22T17:25:57.841+0000] {logging_mixin.py:190} INFO - [2026-09-22T17:25:57.841+0000] {dag.py:4180} INFO - Setting next_dagrun for dss150p_sales_pipeline to 2026-09-21 02:00:00+00:00, run_after=2026-09-22 02:00:00+00:00
[2026-09-22T17:25:57.889+0000] {processor.py:208} INFO - Processing /opt/airflow/dags/dss150p_pipeline.py took 0.271 seconds
[2026-09-22T17:26:28.281+0000] {processor.py:186} INFO - Started process (PID=277) to work on /opt/airflow/dags/dss150p_pipeline.py
[2026-09-22T17:26:28.285+0000] {processor.py:914} INFO - Processing file /opt/airflow/dags/dss150p_pipeline.py for tasks to queue
[2026-09-22T17:26:28.292+0000] {logging_mixin.py:190} INFO - [2026-09-22T17:26:28.291+0000] {dagbag.py:588} INFO - Filling up the DagBag from /opt/airflow/dags/dss150p_pipeline.py
[2026-09-22T17:26:28.346+0000] {processor.py:925} INFO - DAG(s) 'dss150p_sales_pipeline' retrieved from /opt/airflow/dags/dss150p_pipeline.py
[2026-09-22T17:26:28.452+0000] {logging_mixin.py:190} INFO - [2026-09-22T17:26:28.451+0000] {dag.py:3239} INFO - Sync 1 DAGs
[2026-09-22T17:26:28.513+0000] {logging_mixin.py:190} INFO - [2026-09-22T17:26:28.513+0000] {dag.py:4180} INFO - Setting next_dagrun for dss150p_sales_pipeline to 2026-09-21 02:00:00+00:00, run_after=2026-09-22 02:00:00+00:00
[2026-09-22T17:26:28.556+0000] {processor.py:208} INFO - Processing /opt/airflow/dags/dss150p_pipeline.py took 0.288 seconds
[2026-09-22T17:26:58.672+0000] {processor.py:186} INFO - Started process (PID=282) to work on /opt/airflow/dags/dss150p_pipeline.py
[2026-09-22T17:26:58.675+0000] {processor.py:914} INFO - Processing file /opt/airflow/dags/dss150p_pipeline.py for tasks to queue
[2026-09-22T17:26:58.681+0000] {logging_mixin.py:190} INFO - [2026-09-22T17:26:58.681+0000] {dagbag.py:588} INFO - Filling up the DagBag from /opt/airflow/dags/dss150p_pipeline.py
[2026-09-22T17:26:58.735+0000] {processor.py:925} INFO - DAG(s) 'dss150p_sales_pipeline' retrieved from /opt/airflow/dags/dss150p_pipeline.py
[2026-09-22T17:26:58.850+0000] {logging_mixin.py:190} INFO - [2026-09-22T17:26:58.850+0000] {dag.py:3239} INFO - Sync 1 DAGs
[2026-09-22T17:26:58.925+0000] {logging_mixin.py:190} INFO - [2026-09-22T17:26:58.925+0000] {dag.py:4180} INFO - Setting next_dagrun for dss150p_sales_pipeline to 2026-09-21 02:00:00+00:00, run_after=2026-09-22 02:00:00+00:00
[2026-09-22T17:26:58.975+0000] {processor.py:208} INFO - Processing /opt/airflow/dags/dss150p_pipeline.py took 0.318 seconds
[2026-09-22T17:27:29.307+0000] {processor.py:186} INFO - Started process (PID=287) to work on /opt/airflow/dags/dss150p_pipeline.py
[2026-09-22T17:27:29.322+0000] {processor.py:914} INFO - Processing file /opt/airflow/dags/dss150p_pipeline.py for tasks to queue
[2026-09-22T17:27:29.327+0000] {logging_mixin.py:190} INFO - [2026-09-22T17:27:29.326+0000] {dagbag.py:588} INFO - Filling up the DagBag from /opt/airflow/dags/dss150p_pipeline.py
[2026-09-22T17:27:29.376+0000] {processor.py:925} INFO - DAG(s) 'dss150p_sales_pipeline' retrieved from /opt/airflow/dags/dss150p_pipeline.py
[2026-09-22T17:27:29.475+0000] {logging_mixin.py:190} INFO - [2026-09-22T17:27:29.474+0000] {dag.py:3239} INFO - Sync 1 DAGs
[2026-09-22T17:27:29.510+0000] {logging_mixin.py:190} INFO - [2026-09-22T17:27:29.510+0000] {dag.py:4180} INFO - Setting next_dagrun for dss150p_sales_pipeline to 2026-09-21 02:00:00+00:00, run_after=2026-09-22 02:00:00+00:00
[2026-09-22T17:27:29.545+0000] {processor.py:208} INFO - Processing /opt/airflow/dags/dss150p_pipeline.py took 0.250 seconds
[2026-09-22T17:27:59.912+0000] {processor.py:186} INFO - Started process (PID=292) to work on /opt/airflow/dags/dss150p_pipeline.py
[2026-09-22T17:27:59.922+0000] {processor.py:914} INFO - Processing file /opt/airflow/dags/dss150p_pipeline.py for tasks to queue
[2026-09-22T17:27:59.966+0000] {logging_mixin.py:190} INFO - [2026-09-22T17:27:59.961+0000] {dagbag.py:588} INFO - Filling up the DagBag from /opt/airflow/dags/dss150p_pipeline.py
[2026-09-22T17:28:00.156+0000] {processor.py:925} INFO - DAG(s) 'dss150p_sales_pipeline' retrieved from /opt/airflow/dags/dss150p_pipeline.py
[2026-09-22T17:28:00.356+0000] {logging_mixin.py:190} INFO - [2026-09-22T17:28:00.356+0000] {dag.py:3239} INFO - Sync 1 DAGs
[2026-09-22T17:28:00.436+0000] {logging_mixin.py:190} INFO - [2026-09-22T17:28:00.435+0000] {dag.py:4180} INFO - Setting next_dagrun for dss150p_sales_pipeline to 2026-09-21 02:00:00+00:00, run_after=2026-09-22 02:00:00+00:00
[2026-09-22T17:28:00.519+0000] {processor.py:208} INFO - Processing /opt/airflow/dags/dss150p_pipeline.py took 0.665 seconds
[2026-09-22T17:28:31.158+0000] {processor.py:186} INFO - Started process (PID=297) to work on /opt/airflow/dags/dss150p_pipeline.py
[2026-09-22T17:28:31.177+0000] {processor.py:914} INFO - Processing file /opt/airflow/dags/dss150p_pipeline.py for tasks to queue
[2026-09-22T17:28:31.216+0000] {logging_mixin.py:190} INFO - [2026-09-22T17:28:31.213+0000] {dagbag.py:588} INFO - Filling up the DagBag from /opt/airflow/dags/dss150p_pipeline.py
[2026-09-22T17:28:31.448+0000] {processor.py:925} INFO - DAG(s) 'dss150p_sales_pipeline' retrieved from /opt/airflow/dags/dss150p_pipeline.py
[2026-09-22T17:28:32.036+0000] {logging_mixin.py:190} INFO - [2026-09-22T17:28:32.035+0000] {dag.py:3239} INFO - Sync 1 DAGs
[2026-09-22T17:28:32.180+0000] {logging_mixin.py:190} INFO - [2026-09-22T17:28:32.180+0000] {dag.py:4180} INFO - Setting next_dagrun for dss150p_sales_pipeline to 2026-09-21 02:00:00+00:00, run_after=2026-09-22 02:00:00+00:00
[2026-09-22T17:28:32.268+0000] {processor.py:208} INFO - Processing /opt/airflow/dags/dss150p_pipeline.py took 1.187 seconds
[2026-09-22T17:29:02.627+0000] {processor.py:186} INFO - Started process (PID=302) to work on /opt/airflow/dags/dss150p_pipeline.py
[2026-09-22T17:29:02.636+0000] {processor.py:914} INFO - Processing file /opt/airflow/dags/dss150p_pipeline.py for tasks to queue
[2026-09-22T17:29:02.653+0000] {logging_mixin.py:190} INFO - [2026-09-22T17:29:02.652+0000] {dagbag.py:588} INFO - Filling up the DagBag from /opt/airflow/dags/dss150p_pipeline.py
[2026-09-22T17:29:02.806+0000] {processor.py:925} INFO - DAG(s) 'dss150p_sales_pipeline' retrieved from /opt/airflow/dags/dss150p_pipeline.py
[2026-09-22T17:29:02.991+0000] {logging_mixin.py:190} INFO - [2026-09-22T17:29:02.989+0000] {dag.py:3239} INFO - Sync 1 DAGs
[2026-09-22T17:29:03.041+0000] {logging_mixin.py:190} INFO - [2026-09-22T17:29:03.040+0000] {dag.py:4180} INFO - Setting next_dagrun for dss150p_sales_pipeline to 2026-09-21 02:00:00+00:00, run_after=2026-09-22 02:00:00+00:00
[2026-09-22T17:29:03.070+0000] {processor.py:208} INFO - Processing /opt/airflow/dags/dss150p_pipeline.py took 0.463 seconds
[2026-09-22T17:29:33.478+0000] {processor.py:186} INFO - Started process (PID=307) to work on /opt/airflow/dags/dss150p_pipeline.py
[2026-09-22T17:29:33.480+0000] {processor.py:914} INFO - Processing file /opt/airflow/dags/dss150p_pipeline.py for tasks to queue
[2026-09-22T17:29:33.488+0000] {logging_mixin.py:190} INFO - [2026-09-22T17:29:33.485+0000] {dagbag.py:588} INFO - Filling up the DagBag from /opt/airflow/dags/dss150p_pipeline.py
[2026-09-22T17:29:33.531+0000] {processor.py:925} INFO - DAG(s) 'dss150p_sales_pipeline' retrieved from /opt/airflow/dags/dss150p_pipeline.py
[2026-09-22T17:29:33.642+0000] {logging_mixin.py:190} INFO - [2026-09-22T17:29:33.642+0000] {dag.py:3239} INFO - Sync 1 DAGs
[2026-09-22T17:29:33.709+0000] {logging_mixin.py:190} INFO - [2026-09-22T17:29:33.709+0000] {dag.py:4180} INFO - Setting next_dagrun for dss150p_sales_pipeline to 2026-09-21 02:00:00+00:00, run_after=2026-09-22 02:00:00+00:00
[2026-09-22T17:29:33.755+0000] {processor.py:208} INFO - Processing /opt/airflow/dags/dss150p_pipeline.py took 0.289 seconds
[2026-09-22T17:30:04.288+0000] {processor.py:186} INFO - Started process (PID=312) to work on /opt/airflow/dags/dss150p_pipeline.py
[2026-09-22T17:30:04.304+0000] {processor.py:914} INFO - Processing file /opt/airflow/dags/dss150p_pipeline.py for tasks to queue
[2026-09-22T17:30:04.345+0000] {logging_mixin.py:190} INFO - [2026-09-22T17:30:04.343+0000] {dagbag.py:588} INFO - Filling up the DagBag from /opt/airflow/dags/dss150p_pipeline.py
[2026-09-22T17:30:04.545+0000] {processor.py:925} INFO - DAG(s) 'dss150p_sales_pipeline' retrieved from /opt/airflow/dags/dss150p_pipeline.py
[2026-09-22T17:30:04.669+0000] {logging_mixin.py:190} INFO - [2026-09-22T17:30:04.669+0000] {dag.py:3239} INFO - Sync 1 DAGs
[2026-09-22T17:30:04.728+0000] {logging_mixin.py:190} INFO - [2026-09-22T17:30:04.727+0000] {dag.py:4180} INFO - Setting next_dagrun for dss150p_sales_pipeline to 2026-09-21 02:00:00+00:00, run_after=2026-09-22 02:00:00+00:00
[2026-09-22T17:30:04.774+0000] {processor.py:208} INFO - Processing /opt/airflow/dags/dss150p_pipeline.py took 0.598 seconds
[2026-09-22T17:30:35.291+0000] {processor.py:186} INFO - Started process (PID=317) to work on /opt/airflow/dags/dss150p_pipeline.py
[2026-09-22T17:30:35.294+0000] {processor.py:914} INFO - Processing file /opt/airflow/dags/dss150p_pipeline.py for tasks to queue
[2026-09-22T17:30:35.303+0000] {logging_mixin.py:190} INFO - [2026-09-22T17:30:35.302+0000] {dagbag.py:588} INFO - Filling up the DagBag from /opt/airflow/dags/dss150p_pipeline.py
[2026-09-22T17:30:35.352+0000] {processor.py:925} INFO - DAG(s) 'dss150p_sales_pipeline' retrieved from /opt/airflow/dags/dss150p_pipeline.py
[2026-09-22T17:30:35.425+0000] {logging_mixin.py:190} INFO - [2026-09-22T17:30:35.425+0000] {dag.py:3239} INFO - Sync 1 DAGs
[2026-09-22T17:30:35.490+0000] {logging_mixin.py:190} INFO - [2026-09-22T17:30:35.490+0000] {dag.py:4180} INFO - Setting next_dagrun for dss150p_sales_pipeline to 2026-09-21 02:00:00+00:00, run_after=2026-09-22 02:00:00+00:00
[2026-09-22T17:30:35.531+0000] {processor.py:208} INFO - Processing /opt/airflow/dags/dss150p_pipeline.py took 0.258 seconds
[2026-09-22T17:31:05.667+0000] {processor.py:186} INFO - Started process (PID=322) to work on /opt/airflow/dags/dss150p_pipeline.py
[2026-09-22T17:31:05.671+0000] {processor.py:914} INFO - Processing file /opt/airflow/dags/dss150p_pipeline.py for tasks to queue
[2026-09-22T17:31:05.689+0000] {logging_mixin.py:190} INFO - [2026-09-22T17:31:05.687+0000] {dagbag.py:588} INFO - Filling up the DagBag from /opt/airflow/dags/dss150p_pipeline.py
[2026-09-22T17:31:05.819+0000] {processor.py:925} INFO - DAG(s) 'dss150p_sales_pipeline' retrieved from /opt/airflow/dags/dss150p_pipeline.py
[2026-09-22T17:31:05.985+0000] {logging_mixin.py:190} INFO - [2026-09-22T17:31:05.985+0000] {dag.py:3239} INFO - Sync 1 DAGs
[2026-09-22T17:31:06.068+0000] {logging_mixin.py:190} INFO - [2026-09-22T17:31:06.068+0000] {dag.py:4180} INFO - Setting next_dagrun for dss150p_sales_pipeline to 2026-09-21 02:00:00+00:00, run_after=2026-09-22 02:00:00+00:00
[2026-09-22T17:31:06.111+0000] {processor.py:208} INFO - Processing /opt/airflow/dags/dss150p_pipeline.py took 0.455 seconds
[2026-09-22T17:31:36.347+0000] {processor.py:186} INFO - Started process (PID=327) to work on /opt/airflow/dags/dss150p_pipeline.py
[2026-09-22T17:31:36.351+0000] {processor.py:914} INFO - Processing file /opt/airflow/dags/dss150p_pipeline.py for tasks to queue
[2026-09-22T17:31:36.358+0000] {logging_mixin.py:190} INFO - [2026-09-22T17:31:36.357+0000] {dagbag.py:588} INFO - Filling up the DagBag from /opt/airflow/dags/dss150p_pipeline.py
[2026-09-22T17:31:36.443+0000] {processor.py:925} INFO - DAG(s) 'dss150p_sales_pipeline' retrieved from /opt/airflow/dags/dss150p_pipeline.py
[2026-09-22T17:31:36.592+0000] {logging_mixin.py:190} INFO - [2026-09-22T17:31:36.591+0000] {dag.py:3239} INFO - Sync 1 DAGs
[2026-09-22T17:31:36.738+0000] {logging_mixin.py:190} INFO - [2026-09-22T17:31:36.738+0000] {dag.py:4180} INFO - Setting next_dagrun for dss150p_sales_pipeline to 2026-09-21 02:00:00+00:00, run_after=2026-09-22 02:00:00+00:00
[2026-09-22T17:31:36.807+0000] {processor.py:208} INFO - Processing /opt/airflow/dags/dss150p_pipeline.py took 0.474 seconds
[2026-09-22T17:32:07.158+0000] {processor.py:186} INFO - Started process (PID=332) to work on /opt/airflow/dags/dss150p_pipeline.py
[2026-09-22T17:32:07.162+0000] {processor.py:914} INFO - Processing file /opt/airflow/dags/dss150p_pipeline.py for tasks to queue
[2026-09-22T17:32:07.167+0000] {logging_mixin.py:190} INFO - [2026-09-22T17:32:07.167+0000] {dagbag.py:588} INFO - Filling up the DagBag from /opt/airflow/dags/dss150p_pipeline.py
[2026-09-22T17:32:07.215+0000] {processor.py:925} INFO - DAG(s) 'dss150p_sales_pipeline' retrieved from /opt/airflow/dags/dss150p_pipeline.py
[2026-09-22T17:32:07.303+0000] {logging_mixin.py:190} INFO - [2026-09-22T17:32:07.303+0000] {dag.py:3239} INFO - Sync 1 DAGs
[2026-09-22T17:32:07.347+0000] {logging_mixin.py:190} INFO - [2026-09-22T17:32:07.346+0000] {dag.py:4180} INFO - Setting next_dagrun for dss150p_sales_pipeline to 2026-09-21 02:00:00+00:00, run_after=2026-09-22 02:00:00+00:00
[2026-09-22T17:32:07.389+0000] {processor.py:208} INFO - Processing /opt/airflow/dags/dss150p_pipeline.py took 0.242 seconds
[2026-09-22T17:32:37.533+0000] {processor.py:186} INFO - Started process (PID=337) to work on /opt/airflow/dags/dss150p_pipeline.py
[2026-09-22T17:32:37.537+0000] {processor.py:914} INFO - Processing file /opt/airflow/dags/dss150p_pipeline.py for tasks to queue
[2026-09-22T17:32:37.542+0000] {logging_mixin.py:190} INFO - [2026-09-22T17:32:37.541+0000] {dagbag.py:588} INFO - Filling up the DagBag from /opt/airflow/dags/dss150p_pipeline.py
[2026-09-22T17:32:37.617+0000] {processor.py:925} INFO - DAG(s) 'dss150p_sales_pipeline' retrieved from /opt/airflow/dags/dss150p_pipeline.py
[2026-09-22T17:32:37.789+0000] {logging_mixin.py:190} INFO - [2026-09-22T17:32:37.789+0000] {dag.py:3239} INFO - Sync 1 DAGs
[2026-09-22T17:32:37.870+0000] {logging_mixin.py:190} INFO - [2026-09-22T17:32:37.869+0000] {dag.py:4180} INFO - Setting next_dagrun for dss150p_sales_pipeline to 2026-09-21 02:00:00+00:00, run_after=2026-09-22 02:00:00+00:00
[2026-09-22T17:32:37.926+0000] {processor.py:208} INFO - Processing /opt/airflow/dags/dss150p_pipeline.py took 0.410 seconds
[2026-09-22T17:33:08.208+0000] {processor.py:186} INFO - Started process (PID=342) to work on /opt/airflow/dags/dss150p_pipeline.py
[2026-09-22T17:33:08.210+0000] {processor.py:914} INFO - Processing file /opt/airflow/dags/dss150p_pipeline.py for tasks to queue
[2026-09-22T17:33:08.218+0000] {logging_mixin.py:190} INFO - [2026-09-22T17:33:08.216+0000] {dagbag.py:588} INFO - Filling up the DagBag from /opt/airflow/dags/dss150p_pipeline.py
[2026-09-22T17:33:08.276+0000] {processor.py:925} INFO - DAG(s) 'dss150p_sales_pipeline' retrieved from /opt/airflow/dags/dss150p_pipeline.py
[2026-09-22T17:33:08.370+0000] {logging_mixin.py:190} INFO - [2026-09-22T17:33:08.370+0000] {dag.py:3239} INFO - Sync 1 DAGs
[2026-09-22T17:33:08.462+0000] {logging_mixin.py:190} INFO - [2026-09-22T17:33:08.461+0000] {dag.py:4180} INFO - Setting next_dagrun for dss150p_sales_pipeline to 2026-09-21 02:00:00+00:00, run_after=2026-09-22 02:00:00+00:00
[2026-09-22T17:33:08.507+0000] {processor.py:208} INFO - Processing /opt/airflow/dags/dss150p_pipeline.py took 0.311 seconds
[2026-09-22T17:33:38.701+0000] {processor.py:186} INFO - Started process (PID=347) to work on /opt/airflow/dags/dss150p_pipeline.py
[2026-09-22T17:33:38.704+0000] {processor.py:914} INFO - Processing file /opt/airflow/dags/dss150p_pipeline.py for tasks to queue
[2026-09-22T17:33:38.710+0000] {logging_mixin.py:190} INFO - [2026-09-22T17:33:38.710+0000] {dagbag.py:588} INFO - Filling up the DagBag from /opt/airflow/dags/dss150p_pipeline.py
[2026-09-22T17:33:38.756+0000] {processor.py:925} INFO - DAG(s) 'dss150p_sales_pipeline' retrieved from /opt/airflow/dags/dss150p_pipeline.py
[2026-09-22T17:33:38.889+0000] {logging_mixin.py:190} INFO - [2026-09-22T17:33:38.889+0000] {dag.py:3239} INFO - Sync 1 DAGs
[2026-09-22T17:33:38.959+0000] {logging_mixin.py:190} INFO - [2026-09-22T17:33:38.958+0000] {dag.py:4180} INFO - Setting next_dagrun for dss150p_sales_pipeline to 2026-09-21 02:00:00+00:00, run_after=2026-09-22 02:00:00+00:00
[2026-09-22T17:33:39.017+0000] {processor.py:208} INFO - Processing /opt/airflow/dags/dss150p_pipeline.py took 0.327 seconds
[2026-09-22T17:34:09.443+0000] {processor.py:186} INFO - Started process (PID=352) to work on /opt/airflow/dags/dss150p_pipeline.py
[2026-09-22T17:34:09.449+0000] {processor.py:914} INFO - Processing file /opt/airflow/dags/dss150p_pipeline.py for tasks to queue
[2026-09-22T17:34:09.472+0000] {logging_mixin.py:190} INFO - [2026-09-22T17:34:09.470+0000] {dagbag.py:588} INFO - Filling up the DagBag from /opt/airflow/dags/dss150p_pipeline.py
[2026-09-22T17:34:09.573+0000] {processor.py:925} INFO - DAG(s) 'dss150p_sales_pipeline' retrieved from /opt/airflow/dags/dss150p_pipeline.py
[2026-09-22T17:34:09.701+0000] {logging_mixin.py:190} INFO - [2026-09-22T17:34:09.700+0000] {dag.py:3239} INFO - Sync 1 DAGs
[2026-09-22T17:34:09.769+0000] {logging_mixin.py:190} INFO - [2026-09-22T17:34:09.768+0000] {dag.py:4180} INFO - Setting next_dagrun for dss150p_sales_pipeline to 2026-09-21 02:00:00+00:00, run_after=2026-09-22 02:00:00+00:00
[2026-09-22T17:34:09.810+0000] {processor.py:208} INFO - Processing /opt/airflow/dags/dss150p_pipeline.py took 0.390 seconds
[2026-09-22T17:34:40.407+0000] {processor.py:186} INFO - Started process (PID=357) to work on /opt/airflow/dags/dss150p_pipeline.py
[2026-09-22T17:34:40.428+0000] {processor.py:914} INFO - Processing file /opt/airflow/dags/dss150p_pipeline.py for tasks to queue
[2026-09-22T17:34:40.462+0000] {logging_mixin.py:190} INFO - [2026-09-22T17:34:40.460+0000] {dagbag.py:588} INFO - Filling up the DagBag from /opt/airflow/dags/dss150p_pipeline.py
[2026-09-22T17:34:40.563+0000] {processor.py:925} INFO - DAG(s) 'dss150p_sales_pipeline' retrieved from /opt/airflow/dags/dss150p_pipeline.py
[2026-09-22T17:34:40.665+0000] {logging_mixin.py:190} INFO - [2026-09-22T17:34:40.665+0000] {dag.py:3239} INFO - Sync 1 DAGs
[2026-09-22T17:34:40.732+0000] {logging_mixin.py:190} INFO - [2026-09-22T17:34:40.732+0000] {dag.py:4180} INFO - Setting next_dagrun for dss150p_sales_pipeline to 2026-09-21 02:00:00+00:00, run_after=2026-09-22 02:00:00+00:00
[2026-09-22T17:34:40.769+0000] {processor.py:208} INFO - Processing /opt/airflow/dags/dss150p_pipeline.py took 0.436 seconds
[2026-09-22T17:35:11.338+0000] {processor.py:186} INFO - Started process (PID=362) to work on /opt/airflow/dags/dss150p_pipeline.py
[2026-09-22T17:35:11.342+0000] {processor.py:914} INFO - Processing file /opt/airflow/dags/dss150p_pipeline.py for tasks to queue
[2026-09-22T17:35:11.356+0000] {logging_mixin.py:190} INFO - [2026-09-22T17:35:11.354+0000] {dagbag.py:588} INFO - Filling up the DagBag from /opt/airflow/dags/dss150p_pipeline.py
[2026-09-22T17:35:11.441+0000] {processor.py:925} INFO - DAG(s) 'dss150p_sales_pipeline' retrieved from /opt/airflow/dags/dss150p_pipeline.py
[2026-09-22T17:35:11.578+0000] {logging_mixin.py:190} INFO - [2026-09-22T17:35:11.578+0000] {dag.py:3239} INFO - Sync 1 DAGs
[2026-09-22T17:35:11.627+0000] {logging_mixin.py:190} INFO - [2026-09-22T17:35:11.627+0000] {dag.py:4180} INFO - Setting next_dagrun for dss150p_sales_pipeline to 2026-09-21 02:00:00+00:00, run_after=2026-09-22 02:00:00+00:00
[2026-09-22T17:35:11.661+0000] {processor.py:208} INFO - Processing /opt/airflow/dags/dss150p_pipeline.py took 0.336 seconds
[2026-09-22T17:35:42.106+0000] {processor.py:186} INFO - Started process (PID=367) to work on /opt/airflow/dags/dss150p_pipeline.py
[2026-09-22T17:35:42.109+0000] {processor.py:914} INFO - Processing file /opt/airflow/dags/dss150p_pipeline.py for tasks to queue
[2026-09-22T17:35:42.115+0000] {logging_mixin.py:190} INFO - [2026-09-22T17:35:42.114+0000] {dagbag.py:588} INFO - Filling up the DagBag from /opt/airflow/dags/dss150p_pipeline.py
[2026-09-22T17:35:42.161+0000] {processor.py:925} INFO - DAG(s) 'dss150p_sales_pipeline' retrieved from /opt/airflow/dags/dss150p_pipeline.py
[2026-09-22T17:35:42.260+0000] {logging_mixin.py:190} INFO - [2026-09-22T17:35:42.260+0000] {dag.py:3239} INFO - Sync 1 DAGs
[2026-09-22T17:35:42.301+0000] {logging_mixin.py:190} INFO - [2026-09-22T17:35:42.300+0000] {dag.py:4180} INFO - Setting next_dagrun for dss150p_sales_pipeline to 2026-09-21 02:00:00+00:00, run_after=2026-09-22 02:00:00+00:00
[2026-09-22T17:35:42.336+0000] {processor.py:208} INFO - Processing /opt/airflow/dags/dss150p_pipeline.py took 0.247 seconds
[2026-09-22T17:36:12.546+0000] {processor.py:186} INFO - Started process (PID=372) to work on /opt/airflow/dags/dss150p_pipeline.py
[2026-09-22T17:36:12.549+0000] {processor.py:914} INFO - Processing file /opt/airflow/dags/dss150p_pipeline.py for tasks to queue
[2026-09-22T17:36:12.555+0000] {logging_mixin.py:190} INFO - [2026-09-22T17:36:12.554+0000] {dagbag.py:588} INFO - Filling up the DagBag from /opt/airflow/dags/dss150p_pipeline.py
[2026-09-22T17:36:12.603+0000] {processor.py:925} INFO - DAG(s) 'dss150p_sales_pipeline' retrieved from /opt/airflow/dags/dss150p_pipeline.py
[2026-09-22T17:36:12.780+0000] {logging_mixin.py:190} INFO - [2026-09-22T17:36:12.780+0000] {dag.py:3239} INFO - Sync 1 DAGs
[2026-09-22T17:36:12.841+0000] {logging_mixin.py:190} INFO - [2026-09-22T17:36:12.841+0000] {dag.py:4180} INFO - Setting next_dagrun for dss150p_sales_pipeline to 2026-09-21 02:00:00+00:00, run_after=2026-09-22 02:00:00+00:00
[2026-09-22T17:36:12.893+0000] {processor.py:208} INFO - Processing /opt/airflow/dags/dss150p_pipeline.py took 0.364 seconds
[2026-09-22T17:36:44.131+0000] {processor.py:186} INFO - Started process (PID=377) to work on /opt/airflow/dags/dss150p_pipeline.py
[2026-09-22T17:36:44.162+0000] {processor.py:914} INFO - Processing file /opt/airflow/dags/dss150p_pipeline.py for tasks to queue
[2026-09-22T17:36:44.262+0000] {logging_mixin.py:190} INFO - [2026-09-22T17:36:44.252+0000] {dagbag.py:588} INFO - Filling up the DagBag from /opt/airflow/dags/dss150p_pipeline.py
[2026-09-22T17:36:44.724+0000] {processor.py:925} INFO - DAG(s) 'dss150p_sales_pipeline' retrieved from /opt/airflow/dags/dss150p_pipeline.py
[2026-09-22T17:36:45.019+0000] {logging_mixin.py:190} INFO - [2026-09-22T17:36:45.019+0000] {dag.py:3239} INFO - Sync 1 DAGs
[2026-09-22T17:36:45.134+0000] {logging_mixin.py:190} INFO - [2026-09-22T17:36:45.133+0000] {dag.py:4180} INFO - Setting next_dagrun for dss150p_sales_pipeline to 2026-09-21 02:00:00+00:00, run_after=2026-09-22 02:00:00+00:00
[2026-09-22T17:36:45.212+0000] {processor.py:208} INFO - Processing /opt/airflow/dags/dss150p_pipeline.py took 1.401 seconds
[2026-09-22T17:37:15.672+0000] {processor.py:186} INFO - Started process (PID=382) to work on /opt/airflow/dags/dss150p_pipeline.py
[2026-09-22T17:37:15.675+0000] {processor.py:914} INFO - Processing file /opt/airflow/dags/dss150p_pipeline.py for tasks to queue
[2026-09-22T17:37:15.681+0000] {logging_mixin.py:190} INFO - [2026-09-22T17:37:15.681+0000] {dagbag.py:588} INFO - Filling up the DagBag from /opt/airflow/dags/dss150p_pipeline.py
[2026-09-22T17:37:15.737+0000] {processor.py:925} INFO - DAG(s) 'dss150p_sales_pipeline' retrieved from /opt/airflow/dags/dss150p_pipeline.py
[2026-09-22T17:37:15.944+0000] {logging_mixin.py:190} INFO - [2026-09-22T17:37:15.944+0000] {dag.py:3239} INFO - Sync 1 DAGs
[2026-09-22T17:37:16.015+0000] {logging_mixin.py:190} INFO - [2026-09-22T17:37:16.014+0000] {dag.py:4180} INFO - Setting next_dagrun for dss150p_sales_pipeline to 2026-09-21 02:00:00+00:00, run_after=2026-09-22 02:00:00+00:00
[2026-09-22T17:37:16.068+0000] {processor.py:208} INFO - Processing /opt/airflow/dags/dss150p_pipeline.py took 0.412 seconds
[2026-09-22T17:37:46.502+0000] {processor.py:186} INFO - Started process (PID=387) to work on /opt/airflow/dags/dss150p_pipeline.py
[2026-09-22T17:37:46.512+0000] {processor.py:914} INFO - Processing file /opt/airflow/dags/dss150p_pipeline.py for tasks to queue
[2026-09-22T17:37:46.535+0000] {logging_mixin.py:190} INFO - [2026-09-22T17:37:46.533+0000] {dagbag.py:588} INFO - Filling up the DagBag from /opt/airflow/dags/dss150p_pipeline.py
[2026-09-22T17:37:46.674+0000] {processor.py:925} INFO - DAG(s) 'dss150p_sales_pipeline' retrieved from /opt/airflow/dags/dss150p_pipeline.py
[2026-09-22T17:37:46.867+0000] {logging_mixin.py:190} INFO - [2026-09-22T17:37:46.867+0000] {dag.py:3239} INFO - Sync 1 DAGs
[2026-09-22T17:37:47.021+0000] {logging_mixin.py:190} INFO - [2026-09-22T17:37:47.021+0000] {dag.py:4180} INFO - Setting next_dagrun for dss150p_sales_pipeline to 2026-09-21 02:00:00+00:00, run_after=2026-09-22 02:00:00+00:00
[2026-09-22T17:37:47.113+0000] {processor.py:208} INFO - Processing /opt/airflow/dags/dss150p_pipeline.py took 0.695 seconds
[2026-09-22T19:37:22.953+0000] {processor.py:186} INFO - Started process (PID=392) to work on /opt/airflow/dags/dss150p_pipeline.py
[2026-09-22T19:37:22.963+0000] {processor.py:914} INFO - Processing file /opt/airflow/dags/dss150p_pipeline.py for tasks to queue
[2026-09-22T19:37:23.004+0000] {logging_mixin.py:190} INFO - [2026-09-22T19:37:22.998+0000] {dagbag.py:588} INFO - Filling up the DagBag from /opt/airflow/dags/dss150p_pipeline.py
[2026-09-22T19:37:23.300+0000] {processor.py:925} INFO - DAG(s) 'dss150p_sales_pipeline' retrieved from /opt/airflow/dags/dss150p_pipeline.py
[2026-09-22T19:37:23.640+0000] {logging_mixin.py:190} INFO - [2026-09-22T19:37:23.639+0000] {dag.py:3239} INFO - Sync 1 DAGs
[2026-09-22T19:37:23.855+0000] {logging_mixin.py:190} INFO - [2026-09-22T19:37:23.854+0000] {dag.py:4180} INFO - Setting next_dagrun for dss150p_sales_pipeline to 2026-09-21 02:00:00+00:00, run_after=2026-09-22 02:00:00+00:00
[2026-09-22T19:37:23.951+0000] {processor.py:208} INFO - Processing /opt/airflow/dags/dss150p_pipeline.py took 1.162 seconds
