[2026-09-23T00:50:02.160+0000] {local_task_job_runner.py:123} INFO - ::group::Pre task execution logs
[2026-09-23T00:50:02.193+0000] {taskinstance.py:2614} INFO - Dependencies all met for dep_context=non-requeueable deps ti=<TaskInstance: dss150p_sales_pipeline.extract_sources manual__2026-09-23T00:15:13+00:00 [queued]>
[2026-09-23T00:50:02.207+0000] {taskinstance.py:2614} INFO - Dependencies all met for dep_context=requeueable deps ti=<TaskInstance: dss150p_sales_pipeline.extract_sources manual__2026-09-23T00:15:13+00:00 [queued]>
[2026-09-23T00:50:02.210+0000] {taskinstance.py:2867} INFO - Starting attempt 5 of 6
[2026-09-23T00:50:02.229+0000] {taskinstance.py:2890} INFO - Executing <Task(BashOperator): extract_sources> on 2026-09-23 00:15:13+00:00
[2026-09-23T00:50:02.242+0000] {standard_task_runner.py:72} INFO - Started process 948 to run task
[2026-09-23T00:50:02.247+0000] {standard_task_runner.py:104} INFO - Running: ['airflow', 'tasks', 'run', 'dss150p_sales_pipeline', 'extract_sources', 'manual__2026-09-23T00:15:13+00:00', '--job-id', '12', '--raw', '--subdir', 'DAGS_FOLDER/dss150p_pipeline.py', '--cfg-path', '/tmp/tmppxtrlwo1']
[2026-09-23T00:50:02.252+0000] {standard_task_runner.py:105} INFO - Job 12: Subtask extract_sources
[2026-09-23T00:50:02.473+0000] {task_command.py:467} INFO - Running <TaskInstance: dss150p_sales_pipeline.extract_sources manual__2026-09-23T00:15:13+00:00 [running]> on host a423aeb75795
[2026-09-23T00:50:02.918+0000] {taskinstance.py:3134} INFO - Exporting env vars: AIRFLOW_CTX_DAG_OWNER='dss150p' AIRFLOW_CTX_DAG_ID='dss150p_sales_pipeline' AIRFLOW_CTX_TASK_ID='extract_sources' AIRFLOW_CTX_EXECUTION_DATE='2026-09-23T00:15:13+00:00' AIRFLOW_CTX_TRY_NUMBER='5' AIRFLOW_CTX_DAG_RUN_ID='manual__2026-09-23T00:15:13+00:00'
[2026-09-23T00:50:02.933+0000] {taskinstance.py:732} INFO - ::endgroup::
[2026-09-23T00:50:03.070+0000] {subprocess.py:78} INFO - Tmp dir root location: /tmp
[2026-09-23T00:50:03.089+0000] {subprocess.py:88} INFO - Running command: ['/usr/bin/bash', '-c', 'python -m src.cli run-all']
[2026-09-23T00:50:03.117+0000] {subprocess.py:99} INFO - Output:
[2026-09-23T00:50:08.634+0000] {subprocess.py:106} INFO - Traceback (most recent call last):
[2026-09-23T00:50:08.642+0000] {subprocess.py:106} INFO -   File "<frozen runpy>", line 198, in _run_module_as_main
[2026-09-23T00:50:08.646+0000] {subprocess.py:106} INFO -   File "<frozen runpy>", line 88, in _run_code
[2026-09-23T00:50:08.652+0000] {subprocess.py:106} INFO -   File "/opt/airflow/project/src/cli.py", line 90, in <module>
[2026-09-23T00:50:08.656+0000] {subprocess.py:106} INFO -     main()
[2026-09-23T00:50:08.660+0000] {subprocess.py:106} INFO -   File "/opt/airflow/project/src/cli.py", line 62, in main
[2026-09-23T00:50:08.665+0000] {subprocess.py:106} INFO -     staging_result = build_staging(Path(run_raw_path), run_id)
[2026-09-23T00:50:08.670+0000] {subprocess.py:106} INFO -                      ^^^^^^^^^^^^^^^^^^^^^^^^^^^^^^^^^^^^^^^^^
[2026-09-23T00:50:08.673+0000] {subprocess.py:106} INFO -   File "/opt/airflow/project/src/transform/staging.py", line 119, in build_staging
[2026-09-23T00:50:08.677+0000] {subprocess.py:106} INFO -     staging_dir.mkdir(parents=True, exist_ok=True)
[2026-09-23T00:50:08.681+0000] {subprocess.py:106} INFO -   File "/usr/local/lib/python3.11/pathlib.py", line 1116, in mkdir
[2026-09-23T00:50:08.685+0000] {subprocess.py:106} INFO -     os.mkdir(self, mode)
[2026-09-23T00:50:08.689+0000] {subprocess.py:106} INFO - PermissionError: [Errno 13] Permission denied: '/opt/airflow/project/data/staging/run_id=run_20260923T005007Z_49413d10'
[2026-09-23T00:50:08.693+0000] {subprocess.py:106} INFO - Starting pipeline run: run_20260923T005007Z_49413d10
[2026-09-23T00:50:08.697+0000] {subprocess.py:106} INFO - Running staging transformations...
[2026-09-23T00:50:08.701+0000] {subprocess.py:106} INFO - 
[2026-09-23T00:50:08.706+0000] {subprocess.py:106} INFO - [PIPELINE FAILURE] A system exception occurred.
[2026-09-23T00:50:08.710+0000] {subprocess.py:106} INFO - Error Context: [Errno 13] Permission denied: '/opt/airflow/project/data/staging/run_id=run_20260923T005007Z_49413d10'
[2026-09-23T00:50:09.089+0000] {subprocess.py:110} INFO - Command exited with return code 1
[2026-09-23T00:50:09.175+0000] {taskinstance.py:3313} ERROR - Task failed with exception
Traceback (most recent call last):
  File "/home/airflow/.local/lib/python3.11/site-packages/airflow/models/taskinstance.py", line 763, in _execute_task
    result = _execute_callable(context=context, **execute_callable_kwargs)
             ^^^^^^^^^^^^^^^^^^^^^^^^^^^^^^^^^^^^^^^^^^^^^^^^^^^^^^^^^^^^^
  File "/home/airflow/.local/lib/python3.11/site-packages/airflow/models/taskinstance.py", line 734, in _execute_callable
    return ExecutionCallableRunner(
           ^^^^^^^^^^^^^^^^^^^^^^^^
  File "/home/airflow/.local/lib/python3.11/site-packages/airflow/utils/operator_helpers.py", line 252, in run
    return self.func(*args, **kwargs)
           ^^^^^^^^^^^^^^^^^^^^^^^^^^
  File "/home/airflow/.local/lib/python3.11/site-packages/airflow/models/baseoperator.py", line 424, in wrapper
    return func(self, *args, **kwargs)
           ^^^^^^^^^^^^^^^^^^^^^^^^^^^
  File "/home/airflow/.local/lib/python3.11/site-packages/airflow/operators/bash.py", line 276, in execute
    raise AirflowException(
airflow.exceptions.AirflowException: Bash command failed. The command returned a non-zero exit code 1.
[2026-09-23T00:50:09.234+0000] {taskinstance.py:1226} INFO - Marking task as UP_FOR_RETRY. dag_id=dss150p_sales_pipeline, task_id=extract_sources, run_id=manual__2026-09-23T00:15:13+00:00, execution_date=20260923T001513, start_date=20260923T005002, end_date=20260923T005009
[2026-09-23T00:50:09.364+0000] {taskinstance.py:341} INFO - ::group::Post task execution logs
[2026-09-23T00:50:09.370+0000] {standard_task_runner.py:124} ERROR - Failed to execute job 12 for task extract_sources (Bash command failed. The command returned a non-zero exit code 1.; 948)
Traceback (most recent call last):
  File "/home/airflow/.local/lib/python3.11/site-packages/airflow/task/task_runner/standard_task_runner.py", line 117, in _start_by_fork
    ret = args.func(args, dag=self.dag)
          ^^^^^^^^^^^^^^^^^^^^^^^^^^^^^
  File "/home/airflow/.local/lib/python3.11/site-packages/airflow/cli/cli_config.py", line 49, in command
    return func(*args, **kwargs)
           ^^^^^^^^^^^^^^^^^^^^^
  File "/home/airflow/.local/lib/python3.11/site-packages/airflow/utils/cli.py", line 116, in wrapper
    return f(*args, **kwargs)
           ^^^^^^^^^^^^^^^^^^
  File "/home/airflow/.local/lib/python3.11/site-packages/airflow/cli/commands/task_command.py", line 483, in task_run
    task_return_code = _run_task_by_selected_method(args, _dag, ti)
                       ^^^^^^^^^^^^^^^^^^^^^^^^^^^^^^^^^^^^^^^^^^^^
  File "/home/airflow/.local/lib/python3.11/site-packages/airflow/cli/commands/task_command.py", line 256, in _run_task_by_selected_method
    return _run_raw_task(args, ti)
           ^^^^^^^^^^^^^^^^^^^^^^^
  File "/home/airflow/.local/lib/python3.11/site-packages/airflow/cli/commands/task_command.py", line 341, in _run_raw_task
    return ti._run_raw_task(
           ^^^^^^^^^^^^^^^^^
  File "/home/airflow/.local/lib/python3.11/site-packages/airflow/utils/session.py", line 97, in wrapper
    return func(*args, session=session, **kwargs)
           ^^^^^^^^^^^^^^^^^^^^^^^^^^^^^^^^^^^^^^
  File "/home/airflow/.local/lib/python3.11/site-packages/airflow/models/taskinstance.py", line 3006, in _run_raw_task
    return _run_raw_task(
           ^^^^^^^^^^^^^^
  File "/home/airflow/.local/lib/python3.11/site-packages/airflow/models/taskinstance.py", line 274, in _run_raw_task
    TaskInstance._execute_task_with_callbacks(
  File "/home/airflow/.local/lib/python3.11/site-packages/airflow/models/taskinstance.py", line 3161, in _execute_task_with_callbacks
    result = self._execute_task(context, task_orig)
             ^^^^^^^^^^^^^^^^^^^^^^^^^^^^^^^^^^^^^^
  File "/home/airflow/.local/lib/python3.11/site-packages/airflow/models/taskinstance.py", line 3185, in _execute_task
    return _execute_task(self, context, task_orig)
           ^^^^^^^^^^^^^^^^^^^^^^^^^^^^^^^^^^^^^^^
  File "/home/airflow/.local/lib/python3.11/site-packages/airflow/models/taskinstance.py", line 763, in _execute_task
    result = _execute_callable(context=context, **execute_callable_kwargs)
             ^^^^^^^^^^^^^^^^^^^^^^^^^^^^^^^^^^^^^^^^^^^^^^^^^^^^^^^^^^^^^
  File "/home/airflow/.local/lib/python3.11/site-packages/airflow/models/taskinstance.py", line 734, in _execute_callable
    return ExecutionCallableRunner(
           ^^^^^^^^^^^^^^^^^^^^^^^^
  File "/home/airflow/.local/lib/python3.11/site-packages/airflow/utils/operator_helpers.py", line 252, in run
    return self.func(*args, **kwargs)
           ^^^^^^^^^^^^^^^^^^^^^^^^^^
  File "/home/airflow/.local/lib/python3.11/site-packages/airflow/models/baseoperator.py", line 424, in wrapper
    return func(self, *args, **kwargs)
           ^^^^^^^^^^^^^^^^^^^^^^^^^^^
  File "/home/airflow/.local/lib/python3.11/site-packages/airflow/operators/bash.py", line 276, in execute
    raise AirflowException(
airflow.exceptions.AirflowException: Bash command failed. The command returned a non-zero exit code 1.
[2026-09-23T00:50:09.420+0000] {local_task_job_runner.py:266} INFO - Task exited with return code 1
[2026-09-23T00:50:09.509+0000] {taskinstance.py:3901} INFO - 0 downstream tasks scheduled from follow-on schedule check
[2026-09-23T00:50:09.520+0000] {local_task_job_runner.py:245} INFO - ::endgroup::
